Archive member included to satisfy reference by file (symbol)

c:/program files/microchip/xc32/v4.45/bin/bin/../../lib/gcc/pic32c/8.3.1/../../../../pic32c/lib/thumb/v7e-m+fp/hard\libpic32c.a(data_init.o)
                              build/default/debug/_ext/1171490990/startup_xc32.o (__pic32c_data_initialization)
c:/program files/microchip/xc32/v4.45/bin/bin/../../lib/gcc/pic32c/8.3.1/../../../../pic32c/lib/thumb/v7e-m+fp/hard\libc-size-musl.a(memcmp.o)
                              build/default/debug/_ext/411819097/ff.o (memcmp)
c:/program files/microchip/xc32/v4.45/bin/bin/../../lib/gcc/pic32c/8.3.1/../../../../pic32c/lib/thumb/v7e-m+fp/hard\libc-size-musl.a(memcpy.o)
                              build/default/debug/_ext/992804092/drv_memory.o (memcpy)
c:/program files/microchip/xc32/v4.45/bin/bin/../../lib/gcc/pic32c/8.3.1/../../../../pic32c/lib/thumb/v7e-m+fp/hard\libc-size-musl.a(memmove.o)
                              build/default/debug/_ext/2014851014/objlist.o (memmove)
c:/program files/microchip/xc32/v4.45/bin/bin/../../lib/gcc/pic32c/8.3.1/../../../../pic32c/lib/thumb/v7e-m+fp/hard\libc-size-musl.a(memset.o)
                              build/default/debug/_ext/992804092/drv_memory.o (memset)
c:/program files/microchip/xc32/v4.45/bin/bin/../../lib/gcc/pic32c/8.3.1/../../../../pic32c/lib/thumb/v7e-m+fp/hard\libc-size-musl.a(strncpy.o)
                              build/default/debug/_ext/1376093119/sys_command.o (strncpy)
c:/program files/microchip/xc32/v4.45/bin/bin/../../lib/gcc/pic32c/8.3.1/../../../../pic32c/lib/thumb/v7e-m+fp/hard\libc-size-musl.a(strtok.o)
                              build/default/debug/_ext/1376093119/sys_command.o (strtok)
c:/program files/microchip/xc32/v4.45/bin/bin/../../lib/gcc/pic32c/8.3.1/../../../../pic32c/lib/thumb/v7e-m+fp/hard\libc-size-musl.a(stpncpy.o)
                              c:/program files/microchip/xc32/v4.45/bin/bin/../../lib/gcc/pic32c/8.3.1/../../../../pic32c/lib/thumb/v7e-m+fp/hard\libc-size-musl.a(strncpy.o) (__stpncpy)
c:/program files/microchip/xc32/v4.45/bin/bin/../../lib/gcc/pic32c/8.3.1/../../../../pic32c/lib/thumb/v7e-m+fp/hard\libm-fast-emfloat.a(__aeabi_dmul.o)
                              build/default/debug/_ext/1076409803/same54p20a_adc.o (__aeabi_dmul)
c:/program files/microchip/xc32/v4.45/bin/bin/../../lib/gcc/pic32c/8.3.1/../../../../pic32c/lib/thumb/v7e-m+fp/hard\libm-fast-emfloat.a(__aeabi_ddiv.o)
                              build/default/debug/_ext/1076409803/same54p20a_adc.o (__aeabi_ddiv)
c:/program files/microchip/xc32/v4.45/bin/bin/../../lib/gcc/pic32c/8.3.1/../../../../pic32c/lib/thumb/v7e-m+fp/hard\libm-fast-emfloat.a(__aeabi_i2d.o)
                              build/default/debug/_ext/1076409803/same54p20a_adc.o (__aeabi_i2d)
c:/program files/microchip/xc32/v4.45/bin/bin/../../lib/gcc/pic32c/8.3.1/../../../../pic32c/lib/thumb/v7e-m+fp/hard\libm-fast-emfloat.a(__aeabi_f2d.o)
                              build/default/debug/_ext/1076409803/same54p20a_adc.o (__aeabi_f2d)
c:/program files/microchip/xc32/v4.45/bin/bin/../../lib/gcc/pic32c/8.3.1/../../../../pic32c/lib/thumb/v7e-m+fp/hard\libm-fast-emfloat.a(__aeabi_d2f.o)
                              build/default/debug/_ext/1076409803/same54p20a_adc.o (__aeabi_d2f)
c:/program files/microchip/xc32/v4.45/bin/bin/../../lib/gcc/pic32c/8.3.1/../../../../pic32c/lib/thumb/v7e-m+fp/hard\libg-musl.a(__libc_start_main.o)
                              build/default/debug/_ext/1171490990/startup_xc32.o (__libc_init_array)
c:/program files/microchip/xc32/v4.45/bin/bin/../../lib/gcc/pic32c/8.3.1/../../../../pic32c/lib/thumb/v7e-m+fp/hard\libg-musl.a(assert.o)
                              build/default/debug/_ext/1609294094/moduselect.o (__assert_fail)
c:/program files/microchip/xc32/v4.45/bin/bin/../../lib/gcc/pic32c/8.3.1/../../../../pic32c/lib/thumb/v7e-m+fp/hard\libg-musl.a(abort.o)
                              c:/program files/microchip/xc32/v4.45/bin/bin/../../lib/gcc/pic32c/8.3.1/../../../../pic32c/lib/thumb/v7e-m+fp/hard\libg-musl.a(assert.o) (abort)
c:/program files/microchip/xc32/v4.45/bin/bin/../../lib/gcc/pic32c/8.3.1/../../../../pic32c/lib/thumb/v7e-m+fp/hard\libg-musl.a(libc.o)
                              c:/program files/microchip/xc32/v4.45/bin/bin/../../lib/gcc/pic32c/8.3.1/../../../../pic32c/lib/thumb/v7e-m+fp/hard\libg-musl.a(__libc_start_main.o) (__progname_full)
c:/program files/microchip/xc32/v4.45/bin/bin/../../lib/gcc/pic32c/8.3.1/../../../../pic32c/lib/thumb/v7e-m+fp/hard\libg-musl.a(fprintf.o)
                              c:/program files/microchip/xc32/v4.45/bin/bin/../../lib/gcc/pic32c/8.3.1/../../../../pic32c/lib/thumb/v7e-m+fp/hard\libg-musl.a(assert.o) (fprintf)
c:/program files/microchip/xc32/v4.45/bin/bin/../../lib/gcc/pic32c/8.3.1/../../../../pic32c/lib/thumb/v7e-m+fp/hard\libg-musl.a(fflush.o)
[...]
Memory Configuration

Name             Origin             Length             Attributes
rom              0x0000000000000000 0x0000000000100000 xrl
ram              0x0000000020000000 0x0000000000040000 xw !r
tcm              0x0000000003000000 0x0000000000000000 xw
bkupram          0x0000000047000000 0x0000000000002000
config_00804000  0x0000000000804000 0x0000000000000004
config_00804004  0x0000000000804004 0x0000000000000004
config_00804008  0x0000000000804008 0x0000000000000004
*default*        0x0000000000000000 0xffffffffffffffff

Linker script and memory map

LOAD c:/program files/microchip/xc32/v4.45/bin/bin/../../lib/gcc/pic32c/8.3.1/thumb/v7e-m+fp/hard/crti.o
LOAD c:/program files/microchip/xc32/v4.45/bin/bin/../../lib/gcc/pic32c/8.3.1/thumb/v7e-m+fp/hard/crtbegin.o
LOAD build/default/debug/_ext/1434821282/bsp.o
LOAD build/default/debug/_ext/992804092/drv_memory.o
LOAD build/default/debug/_ext/992804092/drv_memory_file_system.o
LOAD build/default/debug/_ext/538277063/drv_sst26.o
LOAD build/default/debug/_ext/818654064/drv_usbfsv1.o
LOAD build/default/debug/_ext/818654064/drv_usbfsv1_device.o
LOAD build/default/debug/_ext/1529399856/osal_freertos.o
LOAD build/default/debug/_ext/60163342/plib_adc1.o
LOAD build/default/debug/_ext/60163342/plib_adc0.o
LOAD build/default/debug/_ext/1984496892/plib_clock.o
LOAD build/default/debug/_ext/1865131932/plib_cmcc.o
LOAD build/default/debug/_ext/1986646378/plib_evsys.o
LOAD build/default/debug/_ext/1865468468/plib_nvic.o
LOAD build/default/debug/_ext/1593096446/plib_nvmctrl.o
LOAD build/default/debug/_ext/1865521619/plib_port.o
LOAD build/default/debug/_ext/1865555181/plib_qspi.o
LOAD build/default/debug/_ext/60180175/plib_rtc_clock.o
LOAD build/default/debug/_ext/508257091/plib_sercom3_i2c_master.o
LOAD build/default/debug/_ext/508257091/plib_sercom7_i2c_master.o
LOAD build/default/debug/_ext/504274921/plib_sercom2_usart.o
LOAD build/default/debug/_ext/504274921/plib_sercom5_usart.o
LOAD build/default/debug/_ext/829342655/plib_tc0.o
LOAD build/default/debug/_ext/163028504/xc32_monitor.o
LOAD build/default/debug/_ext/1014039709/sys_cache.o
LOAD build/default/debug/_ext/1376093119/sys_command.o
LOAD build/default/debug/_ext/1832805299/sys_console_uart.o
LOAD build/default/debug/_ext/1832805299/sys_console.o
LOAD build/default/debug/_ext/944882569/sys_debug.o
LOAD build/default/debug/_ext/411819097/ff.o
LOAD build/default/debug/_ext/411819097/ffunicode.o
LOAD build/default/debug/_ext/565198302/diskio.o
LOAD build/default/debug/_ext/1269487135/sys_fs_media_manager.o
LOAD build/default/debug/_ext/1269487135/sys_fs.o
LOAD build/default/debug/_ext/1269487135/sys_fs_fat_interface.o
LOAD build/default/debug/_ext/1881668453/sys_int.o
LOAD build/default/debug/_ext/1000052432/sys_reset.o
LOAD build/default/debug/_ext/101884895/sys_time.o
LOAD build/default/debug/_ext/308758920/usb_device_msd.o
LOAD build/default/debug/_ext/308758920/usb_device.o
LOAD build/default/debug/_ext/1171490990/startup_xc32.o
LOAD build/default/debug/_ext/1171490990/usb_device_init_data.o
LOAD build/default/debug/_ext/1171490990/exceptions.o
LOAD build/default/debug/_ext/1171490990/initialization.o
LOAD build/default/debug/_ext/1171490990/interrupts.o
LOAD build/default/debug/_ext/1171490990/libc_syscalls.o
LOAD build/default/debug/_ext/1171490990/tasks.o
LOAD build/default/debug/_ext/1171490990/diskImage.o
LOAD build/default/debug/_ext/1171490990/freertos_hooks.o
LOAD build/default/debug/_ext/246609638/port.o
LOAD build/default/debug/_ext/1665200909/heap_4.o
LOAD build/default/debug/_ext/404212886/FreeRTOS_tasks.o
LOAD build/default/debug/_ext/404212886/stream_buffer.o
LOAD build/default/debug/_ext/404212886/event_groups.o
LOAD build/default/debug/_ext/404212886/queue.o
LOAD build/default/debug/_ext/404212886/timers.o
LOAD build/default/debug/_ext/404212886/croutine.o
LOAD build/default/debug/_ext/404212886/list.o
LOAD build/default/debug/_ext/1609294094/machine_bitstream.o
LOAD build/default/debug/_ext/1609294094/machine_mem.o
LOAD build/default/debug/_ext/1609294094/machine_pinbase.o
LOAD build/default/debug/_ext/1609294094/machine_pulse.o
LOAD build/default/debug/_ext/1609294094/machine_pwm.o
LOAD build/default/debug/_ext/1609294094/machine_signal.o
LOAD build/default/debug/_ext/1609294094/machine_spi.o
LOAD build/default/debug/_ext/1609294094/modbluetooth.o
LOAD build/default/debug/_ext/1609294094/modbtree.o
LOAD build/default/debug/_ext/1609294094/modframebuf.o
LOAD build/default/debug/_ext/1609294094/modonewire.o
LOAD build/default/debug/_ext/1609294094/moduasyncio.o
LOAD build/default/debug/_ext/1609294094/modubinascii.o
LOAD build/default/debug/_ext/1609294094/moducryptolib.o
LOAD build/default/debug/_ext/1609294094/moductypes.o
LOAD build/default/debug/_ext/1609294094/moduhashlib.o
LOAD build/default/debug/_ext/1609294094/moduheapq.o
LOAD build/default/debug/_ext/1609294094/modujson.o
LOAD build/default/debug/_ext/1609294094/moduos.o
LOAD build/default/debug/_ext/1609294094/moduplatform.o
LOAD build/default/debug/_ext/1609294094/modurandom.o
LOAD build/default/debug/_ext/1609294094/modure.o
LOAD build/default/debug/_ext/1609294094/moduselect.o
LOAD build/default/debug/_ext/1609294094/modusocket.o
LOAD build/default/debug/_ext/1609294094/modussl_axtls.o
LOAD build/default/debug/_ext/1609294094/modussl_mbedtls.o
LOAD build/default/debug/_ext/1609294094/modutimeq.o
LOAD build/default/debug/_ext/1609294094/moduwebsocket.o
LOAD build/default/debug/_ext/1609294094/moduzlib.o
LOAD build/default/debug/_ext/1609294094/modwebrepl.o
LOAD build/default/debug/_ext/1609294094/mpbthci.o
LOAD build/default/debug/_ext/1609294094/utime_mphal.o
LOAD build/default/debug/_ext/1609294094/virtpin.o
LOAD build/default/debug/_ext/1609294094/uos_dupterm.o
LOAD build/default/debug/_ext/1076409803/same54p20a_adc.o
LOAD build/default/debug/_ext/1076409803/same54p20a_gpio.o
LOAD build/default/debug/_ext/1076409803/same54p20a_uart.o
LOAD build/default/debug/_ext/1076409803/same54p20a_i2c.o
LOAD build/default/debug/_ext/2014851014/argcheck.o
LOAD build/default/debug/_ext/2014851014/asmarm.o
LOAD build/default/debug/_ext/2014851014/asmbase.o
LOAD build/default/debug/_ext/2014851014/asmthumb.o
LOAD build/default/debug/_ext/2014851014/asmx64.o
LOAD build/default/debug/_ext/2014851014/asmx86.o
LOAD build/default/debug/_ext/2014851014/asmxtensa.o
LOAD build/default/debug/_ext/2014851014/bc.o
LOAD build/default/debug/_ext/2014851014/binary.o
LOAD build/default/debug/_ext/2014851014/builtinevex.o
LOAD build/default/debug/_ext/2014851014/builtinhelp.o
LOAD build/default/debug/_ext/2014851014/builtinimport.o
LOAD build/default/debug/_ext/2014851014/compile.o
LOAD build/default/debug/_ext/2014851014/emitbc.o
LOAD build/default/debug/_ext/2014851014/emitcommon.o
LOAD build/default/debug/_ext/2014851014/emitglue.o
LOAD build/default/debug/_ext/2014851014/emitinlinethumb.o
LOAD build/default/debug/_ext/2014851014/emitinlinextensa.o
LOAD build/default/debug/_ext/2014851014/emitnarm.o
LOAD build/default/debug/_ext/2014851014/emitnative.o
LOAD build/default/debug/_ext/2014851014/emitnthumb.o
LOAD build/default/debug/_ext/2014851014/emitnx64.o
LOAD build/default/debug/_ext/2014851014/emitnx86.o
LOAD build/default/debug/_ext/2014851014/emitnxtensa.o
LOAD build/default/debug/_ext/2014851014/emitnxtensawin.o
LOAD build/default/debug/_ext/2014851014/formatfloat.o
LOAD build/default/debug/_ext/2014851014/frozenmod.o
LOAD build/default/debug/_ext/2014851014/gc.o
LOAD build/default/debug/_ext/2014851014/lexer.o
LOAD build/default/debug/_ext/2014851014/malloc.o
LOAD build/default/debug/_ext/2014851014/map.o
LOAD build/default/debug/_ext/2014851014/modarray.o
LOAD build/default/debug/_ext/2014851014/modbuiltins.o
LOAD build/default/debug/_ext/2014851014/modcmath.o
LOAD build/default/debug/_ext/2014851014/modcollections.o
LOAD build/default/debug/_ext/2014851014/modgc.o
LOAD build/default/debug/_ext/2014851014/modio.o
LOAD build/default/debug/_ext/2014851014/modmath.o
LOAD build/default/debug/_ext/2014851014/modmicropython.o
LOAD build/default/debug/_ext/2014851014/modstruct.o
LOAD build/default/debug/_ext/2014851014/modsys.o
LOAD build/default/debug/_ext/2014851014/modthread.o
LOAD build/default/debug/_ext/2014851014/moduerrno.o
LOAD build/default/debug/_ext/2014851014/mpprint.o
LOAD build/default/debug/_ext/2014851014/mpstate.o
LOAD build/default/debug/_ext/2014851014/mpz.o
LOAD build/default/debug/_ext/2014851014/nativeglue.o
LOAD build/default/debug/_ext/2014851014/nlr.o
LOAD build/default/debug/_ext/2014851014/nlraarch64.o
LOAD build/default/debug/_ext/2014851014/nlrpowerpc.o
LOAD build/default/debug/_ext/2014851014/nlrsetjmp.o
LOAD build/default/debug/_ext/2014851014/nlrthumb.o
LOAD build/default/debug/_ext/2014851014/nlrx64.o
LOAD build/default/debug/_ext/2014851014/nlrx86.o
LOAD build/default/debug/_ext/2014851014/nlrxtensa.o
LOAD build/default/debug/_ext/2014851014/obj.o
LOAD build/default/debug/_ext/2014851014/objarray.o
LOAD build/default/debug/_ext/2014851014/objattrtuple.o
LOAD build/default/debug/_ext/2014851014/objbool.o
LOAD build/default/debug/_ext/2014851014/objboundmeth.o
LOAD build/default/debug/_ext/2014851014/objcell.o
LOAD build/default/debug/_ext/2014851014/objclosure.o
LOAD build/default/debug/_ext/2014851014/objcomplex.o
LOAD build/default/debug/_ext/2014851014/objdeque.o
LOAD build/default/debug/_ext/2014851014/objdict.o
LOAD build/default/debug/_ext/2014851014/objenumerate.o
LOAD build/default/debug/_ext/2014851014/objexcept.o
LOAD build/default/debug/_ext/2014851014/objfilter.o
LOAD build/default/debug/_ext/2014851014/objfloat.o
LOAD build/default/debug/_ext/2014851014/objfun.o
LOAD build/default/debug/_ext/2014851014/objgenerator.o
LOAD build/default/debug/_ext/2014851014/objgetitemiter.o
LOAD build/default/debug/_ext/2014851014/objint.o
LOAD build/default/debug/_ext/2014851014/objint_longlong.o
LOAD build/default/debug/_ext/2014851014/objint_mpz.o
LOAD build/default/debug/_ext/2014851014/objlist.o
LOAD build/default/debug/_ext/2014851014/objmap.o
LOAD build/default/debug/_ext/2014851014/objmodule.o
LOAD build/default/debug/_ext/2014851014/objnamedtuple.o
LOAD build/default/debug/_ext/2014851014/objnone.o
LOAD build/default/debug/_ext/2014851014/objobject.o
LOAD build/default/debug/_ext/2014851014/objpolyiter.o
LOAD build/default/debug/_ext/2014851014/objproperty.o
LOAD build/default/debug/_ext/2014851014/objrange.o
LOAD build/default/debug/_ext/2014851014/objreversed.o
LOAD build/default/debug/_ext/2014851014/objset.o
LOAD build/default/debug/_ext/2014851014/objsingleton.o
LOAD build/default/debug/_ext/2014851014/objslice.o
LOAD build/default/debug/_ext/2014851014/objstr.o
LOAD build/default/debug/_ext/2014851014/objstringio.o
LOAD build/default/debug/_ext/2014851014/objstrunicode.o
LOAD build/default/debug/_ext/2014851014/objtuple.o
LOAD build/default/debug/_ext/2014851014/objtype.o
LOAD build/default/debug/_ext/2014851014/objzip.o
LOAD build/default/debug/_ext/2014851014/opmethods.o
LOAD build/default/debug/_ext/2014851014/pairheap.o
LOAD build/default/debug/_ext/2014851014/parse.o
LOAD build/default/debug/_ext/2014851014/parsenum.o
LOAD build/default/debug/_ext/2014851014/parsenumbase.o
LOAD build/default/debug/_ext/2014851014/persistentcode.o
LOAD build/default/debug/_ext/2014851014/profile.o
LOAD build/default/debug/_ext/2014851014/pystack.o
LOAD build/default/debug/_ext/2014851014/qstr.o
LOAD build/default/debug/_ext/2014851014/reader.o
LOAD build/default/debug/_ext/2014851014/repl.o
LOAD build/default/debug/_ext/2014851014/ringbuf.o
LOAD build/default/debug/_ext/2014851014/runtime.o
LOAD build/default/debug/_ext/2014851014/runtime_utils.o
LOAD build/default/debug/_ext/2014851014/scheduler.o
LOAD build/default/debug/_ext/2014851014/scope.o
LOAD build/default/debug/_ext/2014851014/sequence.o
LOAD build/default/debug/_ext/2014851014/showbc.o
LOAD build/default/debug/_ext/2014851014/smallint.o
LOAD build/default/debug/_ext/2014851014/stackctrl.o
LOAD build/default/debug/_ext/2014851014/stream.o
LOAD build/default/debug/_ext/2014851014/unicode.o
LOAD build/default/debug/_ext/2014851014/vm.o
LOAD build/default/debug/_ext/2014851014/vstr.o
LOAD build/default/debug/_ext/2014851014/warning.o
LOAD build/default/debug/_ext/221614377/abort_.o
LOAD build/default/debug/_ext/221614377/printf.o
LOAD build/default/debug/_ext/221614377/string0.o
LOAD build/default/debug/_ext/221614377/__errno.o
LOAD build/default/debug/_ext/1278358259/dhcpserver.o
LOAD build/default/debug/_ext/1278358259/netutils.o
LOAD build/default/debug/_ext/1278358259/trace.o
LOAD build/default/debug/_ext/838023779/readline.o
LOAD build/default/debug/_ext/636126431/interrupt_char.o
LOAD build/default/debug/_ext/636126431/mpirq.o
LOAD build/default/debug/_ext/636126431/pyexec.o
LOAD build/default/debug/_ext/636126431/sys_stdio_mphal.o
LOAD build/default/debug/_ext/636126431/semihosting.o
LOAD build/default/debug/_ext/1367672139/timeutils.o
LOAD build/default/debug/_ext/1348741808/machine_adc.o
LOAD build/default/debug/_ext/1348741808/machine_i2c.o
LOAD build/default/debug/_ext/1348741808/machine_pin.o
LOAD build/default/debug/_ext/1348741808/machine_timer.o
LOAD build/default/debug/_ext/1348741808/machine_uart.o
LOAD build/default/debug/_ext/1348741808/modmachine.o
LOAD build/default/debug/_ext/1348741808/modtest.o
LOAD build/default/debug/_ext/1348741808/modutime.o
LOAD build/default/debug/_ext/1348741808/same54_mphal.o
LOAD build/default/debug/_ext/1360937237/app.o
LOAD build/default/debug/_ext/1360937237/main.o
LOAD build/default/debug/_ext/1360937237/app_fs.o
LOAD build/default/debug/_ext/1360937237/app_mp.o
                0x0000000000000001                __MPLAB_BUILD = 0x1
                0x0000000000100000                __rom_end = (ORIGIN (rom) + LENGTH (rom))
                0x0000000020040000                __ram_end = (ORIGIN (ram) + LENGTH (ram))

.config_00804000
                0x0000000000804000        0x4
 *(.config_00804000)
 .config_00804000
                0x0000000000804000        0x4 build/default/debug/_ext/1171490990/initialization.o
                0x0000000000804000                __config_00804000

.config_00804004
                0x0000000000804004        0x4
 *(.config_00804004)
 .config_00804004
                0x0000000000804004        0x4 build/default/debug/_ext/1171490990/initialization.o
                0x0000000000804004                __config_00804004

.config_00804008
                0x0000000000804008        0x4
 *(.config_00804008)
 .config_00804008
                0x0000000000804008        0x4 build/default/debug/_ext/1171490990/initialization.o
                0x0000000000804008                __config_00804008

.vectors        0x0000000000000000      0x264
                0x0000000000000000                . = ALIGN (0x4)
                0x0000000000000000                _sfixed = .
 *(.vectors .vectors.* .vectors_default .vectors_default.*)
 .vectors       0x0000000000000000      0x264 build/default/debug/_ext/1171490990/interrupts.o
                0x0000000000000000                exception_table
 *(.isr_vector)
 *(.reset*)
 *(.after_vectors)

.text           0x0000000000000264       0x20
                0x0000000000000264                . = ALIGN (0x4)
 *(.glue_7t)
 .glue_7t       0x0000000000000264        0x0 linker stubs
 *(.glue_7)
 .glue_7        0x0000000000000264        0x0 linker stubs
 *(.gnu.linkonce.r.*)
 *(.ARM.extab* .gnu.linkonce.armextab.*)
                0x0000000000000264                . = ALIGN (0x4)
 *(.init)
 .init          0x0000000000000264        0x4 c:/program files/microchip/xc32/v4.45/bin/bin/../../lib/gcc/pic32c/8.3.1/thumb/v7e-m+fp/hard/crti.o
                0x0000000000000264                _init
 .init          0x0000000000000268        0x8 c:/program files/microchip/xc32/v4.45/bin/bin/../../lib/gcc/pic32c/8.3.1/thumb/v7e-m+fp/hard/crtn.o
                0x0000000000000270                . = ALIGN (0x4)
                0x0000000000000270                __preinit_array_start = .
 *(.preinit_array)
                0x0000000000000270                __preinit_array_end = .
                0x0000000000000270                . = ALIGN (0x4)
                0x0000000000000270                __init_array_start = .
 *(SORT_BY_NAME(.init_array.*))
 *(.init_array)
 .init_array    0x0000000000000270        0x4 c:/program files/microchip/xc32/v4.45/bin/bin/../../lib/gcc/pic32c/8.3.1/thumb/v7e-m+fp/hard/crtbegin.o
                0x0000000000000274                __init_array_end = .
                0x0000000000000274                . = ALIGN (0x4)
 *crtbegin.o(.ctors)
 *(EXCLUDE_FILE(*crtend.o) .ctors)
 *(SORT_BY_NAME(.ctors.*))
 *crtend.o(.ctors)
                0x0000000000000274                . = ALIGN (0x4)
 *(.fini)
 .fini          0x0000000000000274        0x4 c:/program files/microchip/xc32/v4.45/bin/bin/../../lib/gcc/pic32c/8.3.1/thumb/v7e-m+fp/hard/crti.o
                0x0000000000000274                _fini
 .fini          0x0000000000000278        0x8 c:/program files/microchip/xc32/v4.45/bin/bin/../../lib/gcc/pic32c/8.3.1/thumb/v7e-m+fp/hard/crtn.o
                0x0000000000000280                . = ALIGN (0x4)
                0x0000000000000280                __fini_array_start = .
 *(.fini_array)
 .fini_array    0x0000000000000280        0x4 c:/program files/microchip/xc32/v4.45/bin/bin/../../lib/gcc/pic32c/8.3.1/thumb/v7e-m+fp/hard/crtbegin.o
 *(SORT_BY_NAME(.fini_array.*))
                0x0000000000000284                __fini_array_end = .
 *crtbegin.o(.dtors)
 *(EXCLUDE_FILE(*crtend.o) .dtors)
 *(SORT_BY_NAME(.dtors.*))
 *crtend.o(.dtors)
                0x0000000000000284                . = ALIGN (0x4)
                0x0000000000000284                _efixed = .
                [!provide]                        PROVIDE (__exidx_start = .)

.ARM.exidx      0x0000000000000284        0x8
 *(.ARM.exidx* .gnu.linkonce.armexidx.*)
 .ARM.exidx     0x0000000000000284        0x8 c:/program files/microchip/xc32/v4.45/bin/bin/../../lib/gcc/pic32c/8.3.1/thumb/v7e-m+fp/hard\libgcc.a(_udivmoddi4.o)
                [!provide]                        PROVIDE (__exidx_end = .)
                0x000000000000028c                . = ALIGN (0x4)
                0x000000000000028c                _etext = .

.bss            0x0000000020000000        0x0
                0x0000000020000000                . = ALIGN (0x4)
                0x0000000020000000                __bss_start__ = .
                0x0000000020000000                _sbss = .
                0x0000000020000000                _szero = .
 *(COMMON)
                0x0000000020000000                . = ALIGN (0x4)
                0x0000000020000000                __bss_end__ = .
                0x0000000020000000                _ebss = .
                0x0000000020000000                _ezero = .
                0x0000000020000000                . = ALIGN (0x4)
                0x0000000020000000                _end = .
                0x000000002003ffff                _ram_end_ = ((ORIGIN (ram) + LENGTH (ram)) - 0x1)

.bkupram_bss
 *(.bkupram_bss .bkupram_bss.*)
 *(.pbss .pbss.*)
                0x0000000000000001                __ICD2RAM = 0x1
                0x0000000000000001                __MPLAB_DEBUG = 0x1
                0x0000000000000001                __DEBUG = 0x1
                0x0000000000000400                _min_heap_size = 0x400
                0x0000000000010000                _min_stack_size = 0x10000
START GROUP
LOAD c:/program files/microchip/xc32/v4.45/bin/bin/../../lib/gcc/pic32c/8.3.1/../../../../pic32c/lib/thumb/v7e-m+fp/hard\libpic32c.a
LOAD c:/program files/microchip/xc32/v4.45/bin/bin/../../lib/gcc/pic32c/8.3.1/../../../../pic32c/lib/thumb/v7e-m+fp/hard\libc-size-musl.a
LOAD c:/program files/microchip/xc32/v4.45/bin/bin/../../lib/gcc/pic32c/8.3.1/../../../../pic32c/lib/thumb/v7e-m+fp/hard\liblmalloc-musl.a
LOAD c:/program files/microchip/xc32/v4.45/bin/bin/../../lib/gcc/pic32c/8.3.1/../../../../pic32c/lib/thumb/v7e-m+fp/hard\libm-fast-emfloat.a
LOAD c:/program files/microchip/xc32/v4.45/bin/bin/../../lib/gcc/pic32c/8.3.1/../../../../pic32c/lib/thumb/v7e-m+fp/hard\libm-musl.a
LOAD c:/program files/microchip/xc32/v4.45/bin/bin/../../lib/gcc/pic32c/8.3.1/../../../../pic32c/lib/thumb/v7e-m+fp/hard\libg-musl.a
LOAD c:/program files/microchip/xc32/v4.45/bin/bin/../../lib/gcc/pic32c/8.3.1/../../../../pic32c/lib/thumb/v7e-m+fp/hard\libc-musl.a
LOAD c:/program files/microchip/xc32/v4.45/bin/bin/../../lib/gcc/pic32c/8.3.1/../../../../pic32c/lib/thumb/v7e-m+fp/hard\libm-fast-emfloat.a
LOAD c:/program files/microchip/xc32/v4.45/bin/bin/../../lib/gcc/pic32c/8.3.1/../../../../pic32c/lib/thumb/v7e-m+fp/hard\libm-musl.a
LOAD c:/program files/microchip/xc32/v4.45/bin/bin/../../lib/gcc/pic32c/8.3.1/thumb/v7e-m+fp/hard\libgcc.a
END GROUP
LOAD c:/program files/microchip/xc32/v4.45/bin/bin/../../lib/gcc/pic32c/8.3.1/thumb/v7e-m+fp/hard/crtend.o
LOAD c:/program files/microchip/xc32/v4.45/bin/bin/../../lib/gcc/pic32c/8.3.1/thumb/v7e-m+fp/hard/crtn.o
OUTPUT(dist/default/debug/RapidPrototyping_MP.X.debug.elf elf32-littlearm)
LOAD data_init
LOAD stack

.ARM.attributes
                0x0000000000000000       0x32
 .ARM.attributes
                0x0000000000000000       0x1e c:/program files/microchip/xc32/v4.45/bin/bin/../../lib/gcc/pic32c/8.3.1/thumb/v7e-m+fp/hard/crti.o
 .ARM.attributes
                0x000000000000001e       0x34 c:/program files/microchip/xc32/v4.45/bin/bin/../../lib/gcc/pic32c/8.3.1/thumb/v7e-m+fp/hard/crtbegin.o
 .ARM.attributes
                0x0000000000000052       0x34 build/default/debug/_ext/1434821282/bsp.o
 .ARM.attributes
                0x0000000000000086       0x34 build/default/debug/_ext/992804092/drv_memory.o
 .ARM.attributes
                0x00000000000000ba       0x34 build/default/debug/_ext/992804092/drv_memory_file_system.o
 .ARM.attributes
                0x00000000000000ee       0x34 build/default/debug/_ext/538277063/drv_sst26.o
 .ARM.attributes
                0x0000000000000122       0x34 build/default/debug/_ext/818654064/drv_usbfsv1.o
 .ARM.attributes
                0x0000000000000156       0x34 build/default/debug/_ext/818654064/drv_usbfsv1_device.o
 .ARM.attributes
                0x000000000000018a       0x34 build/default/debug/_ext/1529399856/osal_freertos.o
 .ARM.attributes
                0x00000000000001be       0x34 build/default/debug/_ext/60163342/plib_adc1.o
 .ARM.attributes
                0x00000000000001f2       0x34 build/default/debug/_ext/60163342/plib_adc0.o
 .ARM.attributes
                0x0000000000000226       0x34 build/default/debug/_ext/1984496892/plib_clock.o
 .ARM.attributes
                0x000000000000025a       0x34 build/default/debug/_ext/1986646378/plib_evsys.o
 .ARM.attributes
                0x000000000000028e       0x34 build/default/debug/_ext/1865468468/plib_nvic.o
 .ARM.attributes
                0x00000000000002c2       0x34 build/default/debug/_ext/1593096446/plib_nvmctrl.o
 .ARM.attributes
                0x00000000000002f6       0x34 build/default/debug/_ext/1865521619/plib_port.o
 .ARM.attributes
                0x000000000000032a       0x34 build/default/debug/_ext/1865555181/plib_qspi.o
 .ARM.attributes
                0x000000000000035e       0x34 build/default/debug/_ext/60180175/plib_rtc_clock.o
 .ARM.attributes
                0x0000000000000392       0x34 build/default/debug/_ext/508257091/plib_sercom3_i2c_master.o
 .ARM.attributes
                0x00000000000003c6       0x34 build/default/debug/_ext/508257091/plib_sercom7_i2c_master.o
 .ARM.attributes
                0x00000000000003fa       0x34 build/default/debug/_ext/504274921/plib_sercom2_usart.o
 .ARM.attributes
                0x000000000000042e       0x34 build/default/debug/_ext/504274921/plib_sercom5_usart.o
 .ARM.attributes
                0x0000000000000462       0x34 build/default/debug/_ext/829342655/plib_tc0.o
 .ARM.attributes
                0x0000000000000496       0x34 build/default/debug/_ext/163028504/xc32_monitor.o
 .ARM.attributes
                0x00000000000004ca       0x34 build/default/debug/_ext/1376093119/sys_command.o
 .ARM.attributes
                0x00000000000004fe       0x34 build/default/debug/_ext/1832805299/sys_console_uart.o
 .ARM.attributes
                0x0000000000000532       0x34 build/default/debug/_ext/1832805299/sys_console.o
 .ARM.attributes
                0x0000000000000566       0x34 build/default/debug/_ext/944882569/sys_debug.o
 .ARM.attributes
                0x000000000000059a       0x34 build/default/debug/_ext/411819097/ff.o
 .ARM.attributes
                0x00000000000005ce       0x34 build/default/debug/_ext/411819097/ffunicode.o
 .ARM.attributes
                0x0000000000000602       0x34 build/default/debug/_ext/565198302/diskio.o
 .ARM.attributes
                0x0000000000000636       0x34 build/default/debug/_ext/1269487135/sys_fs_media_manager.o
 .ARM.attributes
                0x000000000000066a       0x34 build/default/debug/_ext/1269487135/sys_fs.o
 .ARM.attributes
                0x000000000000069e       0x34 build/default/debug/_ext/1269487135/sys_fs_fat_interface.o
 .ARM.attributes
                0x00000000000006d2       0x34 build/default/debug/_ext/1881668453/sys_int.o
 .ARM.attributes
                0x0000000000000706       0x34 build/default/debug/_ext/1000052432/sys_reset.o
 .ARM.attributes
                0x000000000000073a       0x34 build/default/debug/_ext/101884895/sys_time.o
 .ARM.attributes
                0x000000000000076e       0x34 build/default/debug/_ext/308758920/usb_device_msd.o
 .ARM.attributes
                0x00000000000007a2       0x34 build/default/debug/_ext/308758920/usb_device.o
 .ARM.attributes
                0x00000000000007d6       0x34 build/default/debug/_ext/1171490990/startup_xc32.o
 .ARM.attributes
                0x000000000000080a       0x39 build/default/debug/_ext/1171490990/usb_device_init_data.o
 .ARM.attributes
                0x0000000000000843       0x34 build/default/debug/_ext/1171490990/exceptions.o
 .ARM.attributes
                0x0000000000000877       0x34 build/default/debug/_ext/1171490990/initialization.o
 .ARM.attributes
                0x00000000000008ab       0x34 build/default/debug/_ext/1171490990/interrupts.o
 .ARM.attributes
                0x00000000000008df       0x34 build/default/debug/_ext/1171490990/libc_syscalls.o
 .ARM.attributes
                0x0000000000000913       0x34 build/default/debug/_ext/1171490990/tasks.o
 .ARM.attributes
                0x0000000000000947       0x39 build/default/debug/_ext/1171490990/diskImage.o
 .ARM.attributes
                0x0000000000000980       0x34 build/default/debug/_ext/1171490990/freertos_hooks.o
 .ARM.attributes
                0x00000000000009b4       0x34 build/default/debug/_ext/246609638/port.o
 .ARM.attributes
                0x00000000000009e8       0x34 build/default/debug/_ext/1665200909/heap_4.o
 .ARM.attributes
                0x0000000000000a1c       0x34 build/default/debug/_ext/404212886/FreeRTOS_tasks.o
 .ARM.attributes
                0x0000000000000a50       0x34 build/default/debug/_ext/404212886/queue.o
 .ARM.attributes
                0x0000000000000a84       0x34 build/default/debug/_ext/404212886/list.o
 .ARM.attributes
                0x0000000000000ab8       0x34 build/default/debug/_ext/1609294094/moduselect.o
 .ARM.attributes
                0x0000000000000aec       0x34 build/default/debug/_ext/1076409803/same54p20a_adc.o
 .ARM.attributes
                0x0000000000000b20       0x34 build/default/debug/_ext/1076409803/same54p20a_gpio.o
 .ARM.attributes
                0x0000000000000b54       0x34 build/default/debug/_ext/1076409803/same54p20a_uart.o
 .ARM.attributes
                0x0000000000000b88       0x34 build/default/debug/_ext/1076409803/same54p20a_i2c.o
 .ARM.attributes
                0x0000000000000bbc       0x34 build/default/debug/_ext/2014851014/argcheck.o
 .ARM.attributes
                0x0000000000000bf0       0x34 build/default/debug/_ext/2014851014/bc.o
 .ARM.attributes
                0x0000000000000c24       0x34 build/default/debug/_ext/2014851014/binary.o
 .ARM.attributes
                0x0000000000000c58       0x34 build/default/debug/_ext/2014851014/builtinevex.o
 .ARM.attributes
                0x0000000000000c8c       0x34 build/default/debug/_ext/2014851014/builtinimport.o
 .ARM.attributes
                0x0000000000000cc0       0x34 build/default/debug/_ext/2014851014/compile.o
 .ARM.attributes
                0x0000000000000cf4       0x34 build/default/debug/_ext/2014851014/emitbc.o
 .ARM.attributes
                0x0000000000000d28       0x34 build/default/debug/_ext/2014851014/emitcommon.o
 .ARM.attributes
                0x0000000000000d5c       0x34 build/default/debug/_ext/2014851014/emitglue.o
 .ARM.attributes
                0x0000000000000d90       0x34 build/default/debug/_ext/2014851014/gc.o
 .ARM.attributes
                0x0000000000000dc4       0x34 build/default/debug/_ext/2014851014/lexer.o
 .ARM.attributes
                0x0000000000000df8       0x34 build/default/debug/_ext/2014851014/malloc.o
 .ARM.attributes
                0x0000000000000e2c       0x34 build/default/debug/_ext/2014851014/map.o
 .ARM.attributes
                0x0000000000000e60       0x39 build/default/debug/_ext/2014851014/modarray.o
 .ARM.attributes
                0x0000000000000e99       0x34 build/default/debug/_ext/2014851014/modbuiltins.o
 .ARM.attributes
                0x0000000000000ecd       0x39 build/default/debug/_ext/2014851014/modcollections.o
 .ARM.attributes
                0x0000000000000f06       0x34 build/default/debug/_ext/2014851014/modgc.o
 .ARM.attributes
                0x0000000000000f3a       0x34 build/default/debug/_ext/2014851014/modstruct.o
 .ARM.attributes
                0x0000000000000f6e       0x34 build/default/debug/_ext/2014851014/mpprint.o
 .ARM.attributes
                0x0000000000000fa2       0x39 build/default/debug/_ext/2014851014/mpstate.o
 .ARM.attributes
                0x0000000000000fdb       0x34 build/default/debug/_ext/2014851014/mpz.o
 .ARM.attributes
                0x000000000000100f       0x34 build/default/debug/_ext/2014851014/nlr.o
 .ARM.attributes
                0x0000000000001043       0x34 build/default/debug/_ext/2014851014/nlrthumb.o
 .ARM.attributes
                0x0000000000001077       0x34 build/default/debug/_ext/2014851014/obj.o
 .ARM.attributes
                0x00000000000010ab       0x34 build/default/debug/_ext/2014851014/objarray.o
 .ARM.attributes
                0x00000000000010df       0x34 build/default/debug/_ext/2014851014/objattrtuple.o
 .ARM.attributes
                0x0000000000001113       0x34 build/default/debug/_ext/2014851014/objbool.o
 .ARM.attributes
                0x0000000000001147       0x34 build/default/debug/_ext/2014851014/objboundmeth.o
 .ARM.attributes
                0x000000000000117b       0x34 build/default/debug/_ext/2014851014/objcell.o
 .ARM.attributes
                0x00000000000011af       0x34 build/default/debug/_ext/2014851014/objclosure.o
 .ARM.attributes
                0x00000000000011e3       0x34 build/default/debug/_ext/2014851014/objdict.o
 .ARM.attributes
                0x0000000000001217       0x34 build/default/debug/_ext/2014851014/objenumerate.o
 .ARM.attributes
                0x000000000000124b       0x34 build/default/debug/_ext/2014851014/objexcept.o
 .ARM.attributes
                0x000000000000127f       0x34 build/default/debug/_ext/2014851014/objfilter.o
 .ARM.attributes
                0x00000000000012b3       0x34 build/default/debug/_ext/2014851014/objfun.o
 .ARM.attributes
                0x00000000000012e7       0x34 build/default/debug/_ext/2014851014/objgenerator.o
 .ARM.attributes
                0x000000000000131b       0x34 build/default/debug/_ext/2014851014/objgetitemiter.o
 .ARM.attributes
                0x000000000000134f       0x34 build/default/debug/_ext/2014851014/objint.o
 .ARM.attributes
                0x0000000000001383       0x34 build/default/debug/_ext/2014851014/objint_mpz.o
 .ARM.attributes
                0x00000000000013b7       0x34 build/default/debug/_ext/2014851014/objlist.o
 .ARM.attributes
                0x00000000000013eb       0x34 build/default/debug/_ext/2014851014/objmap.o
 .ARM.attributes
                0x000000000000141f       0x34 build/default/debug/_ext/2014851014/objmodule.o
 .ARM.attributes
                0x0000000000001453       0x34 build/default/debug/_ext/2014851014/objnamedtuple.o
 .ARM.attributes
                0x0000000000001487       0x34 build/default/debug/_ext/2014851014/objnone.o
 .ARM.attributes
                0x00000000000014bb       0x34 build/default/debug/_ext/2014851014/objobject.o
 .ARM.attributes
                0x00000000000014ef       0x34 build/default/debug/_ext/2014851014/objpolyiter.o
 .ARM.attributes
                0x0000000000001523       0x34 build/default/debug/_ext/2014851014/objrange.o
 .ARM.attributes
                0x0000000000001557       0x34 build/default/debug/_ext/2014851014/objreversed.o
 .ARM.attributes
                0x000000000000158b       0x34 build/default/debug/_ext/2014851014/objsingleton.o
 .ARM.attributes
                0x00000000000015bf       0x34 build/default/debug/_ext/2014851014/objstr.o
 .ARM.attributes
                0x00000000000015f3       0x34 build/default/debug/_ext/2014851014/objtuple.o
 .ARM.attributes
                0x0000000000001627       0x34 build/default/debug/_ext/2014851014/objtype.o
 .ARM.attributes
                0x000000000000165b       0x34 build/default/debug/_ext/2014851014/objzip.o
 .ARM.attributes
                0x000000000000168f       0x34 build/default/debug/_ext/2014851014/opmethods.o
 .ARM.attributes
                0x00000000000016c3       0x34 build/default/debug/_ext/2014851014/parse.o
 .ARM.attributes
                0x00000000000016f7       0x34 build/default/debug/_ext/2014851014/parsenum.o
 .ARM.attributes
                0x000000000000172b       0x34 build/default/debug/_ext/2014851014/parsenumbase.o
 .ARM.attributes
                0x000000000000175f       0x34 build/default/debug/_ext/2014851014/qstr.o
 .ARM.attributes
                0x0000000000001793       0x34 build/default/debug/_ext/2014851014/reader.o
 .ARM.attributes
                0x00000000000017c7       0x34 build/default/debug/_ext/2014851014/repl.o
 .ARM.attributes
                0x00000000000017fb       0x34 build/default/debug/_ext/2014851014/runtime.o
 .ARM.attributes
                0x000000000000182f       0x34 build/default/debug/_ext/2014851014/runtime_utils.o
 .ARM.attributes
                0x0000000000001863       0x34 build/default/debug/_ext/2014851014/scheduler.o
 .ARM.attributes
                0x0000000000001897       0x34 build/default/debug/_ext/2014851014/scope.o
 .ARM.attributes
                0x00000000000018cb       0x34 build/default/debug/_ext/2014851014/sequence.o
 .ARM.attributes
                0x00000000000018ff       0x34 build/default/debug/_ext/2014851014/showbc.o
 .ARM.attributes
                0x0000000000001933       0x34 build/default/debug/_ext/2014851014/smallint.o
 .ARM.attributes
                0x0000000000001967       0x34 build/default/debug/_ext/2014851014/stream.o
 .ARM.attributes
                0x000000000000199b       0x34 build/default/debug/_ext/2014851014/unicode.o
 .ARM.attributes
                0x00000000000019cf       0x34 build/default/debug/_ext/2014851014/vm.o
 .ARM.attributes
                0x0000000000001a03       0x34 build/default/debug/_ext/2014851014/vstr.o
 .ARM.attributes
                0x0000000000001a37       0x34 build/default/debug/_ext/221614377/printf.o
 .ARM.attributes
                0x0000000000001a6b       0x34 build/default/debug/_ext/221614377/string0.o
 .ARM.attributes
                0x0000000000001a9f       0x34 build/default/debug/_ext/838023779/readline.o
 .ARM.attributes
                0x0000000000001ad3       0x34 build/default/debug/_ext/636126431/mpirq.o
 .ARM.attributes
                0x0000000000001b07       0x34 build/default/debug/_ext/636126431/pyexec.o
 .ARM.attributes
                0x0000000000001b3b       0x34 build/default/debug/_ext/1367672139/timeutils.o
 .ARM.attributes
                0x0000000000001b6f       0x34 build/default/debug/_ext/1348741808/machine_adc.o
 .ARM.attributes
                0x0000000000001ba3       0x34 build/default/debug/_ext/1348741808/machine_i2c.o
 .ARM.attributes
                0x0000000000001bd7       0x34 build/default/debug/_ext/1348741808/machine_pin.o
 .ARM.attributes
                0x0000000000001c0b       0x34 build/default/debug/_ext/1348741808/machine_timer.o
 .ARM.attributes
                0x0000000000001c3f       0x34 build/default/debug/_ext/1348741808/machine_uart.o
 .ARM.attributes
                0x0000000000001c73       0x34 build/default/debug/_ext/1348741808/modmachine.o
 .ARM.attributes
                0x0000000000001ca7       0x34 build/default/debug/_ext/1348741808/modtest.o
 .ARM.attributes
                0x0000000000001cdb       0x34 build/default/debug/_ext/1348741808/modutime.o
 .ARM.attributes
                0x0000000000001d0f       0x34 build/default/debug/_ext/1348741808/same54_mphal.o
 .ARM.attributes
                0x0000000000001d43       0x34 build/default/debug/_ext/1360937237/app.o
 .ARM.attributes
                0x0000000000001d77       0x34 build/default/debug/_ext/1360937237/main.o
 .ARM.attributes
                0x0000000000001dab       0x34 build/default/debug/_ext/1360937237/app_fs.o
 .ARM.attributes
                0x0000000000001ddf       0x34 build/default/debug/_ext/1360937237/app_mp.o
 .ARM.attributes
                0x0000000000001e13       0x34 c:/program files/microchip/xc32/v4.45/bin/bin/../../lib/gcc/pic32c/8.3.1/../../../../pic32c/lib/thumb/v7e-m+fp/hard\libpic32c.a(data_init.o)
 .ARM.attributes
                0x0000000000001e47       0x36 c:/program files/microchip/xc32/v4.45/bin/bin/../../lib/gcc/pic32c/8.3.1/../../../../pic32c/lib/thumb/v7e-m+fp/hard\libc-size-musl.a(memcmp.o)
 .ARM.attributes
                0x0000000000001e7d       0x36 c:/program files/microchip/xc32/v4.45/bin/bin/../../lib/gcc/pic32c/8.3.1/../../../../pic32c/lib/thumb/v7e-m+fp/hard\libc-size-musl.a(memcpy.o)
 .ARM.attributes
                0x0000000000001eb3       0x36 c:/program files/microchip/xc32/v4.45/bin/bin/../../lib/gcc/pic32c/8.3.1/../../../../pic32c/lib/thumb/v7e-m+fp/hard\libc-size-musl.a(memmove.o)
 .ARM.attributes
                0x0000000000001ee9       0x36 c:/program files/microchip/xc32/v4.45/bin/bin/../../lib/gcc/pic32c/8.3.1/../../../../pic32c/lib/thumb/v7e-m+fp/hard\libc-size-musl.a(memset.o)
 .ARM.attributes
                0x0000000000001f1f       0x36 c:/program files/microchip/xc32/v4.45/bin/bin/../../lib/gcc/pic32c/8.3.1/../../../../pic32c/lib/thumb/v7e-m+fp/hard\libc-size-musl.a(strncpy.o)
 .ARM.attributes
                0x0000000000001f55       0x36 c:/program files/microchip/xc32/v4.45/bin/bin/../../lib/gcc/pic32c/8.3.1/../../../../pic32c/lib/thumb/v7e-m+fp/hard\libc-size-musl.a(strtok.o)
 .ARM.attributes
                0x0000000000001f8b       0x36 c:/program files/microchip/xc32/v4.45/bin/bin/../../lib/gcc/pic32c/8.3.1/../../../../pic32c/lib/thumb/v7e-m+fp/hard\libc-size-musl.a(stpncpy.o)
 .ARM.attributes
                0x0000000000001fc1       0x20 c:/program files/microchip/xc32/v4.45/bin/bin/../../lib/gcc/pic32c/8.3.1/../../../../pic32c/lib/thumb/v7e-m+fp/hard\libm-fast-emfloat.a(__aeabi_dmul.o)
 .ARM.attributes
                0x0000000000001fe1       0x20 c:/program files/microchip/xc32/v4.45/bin/bin/../../lib/gcc/pic32c/8.3.1/../../../../pic32c/lib/thumb/v7e-m+fp/hard\libm-fast-emfloat.a(__aeabi_ddiv.o)
 .ARM.attributes
                0x0000000000002001       0x20 c:/program files/microchip/xc32/v4.45/bin/bin/../../lib/gcc/pic32c/8.3.1/../../../../pic32c/lib/thumb/v7e-m+fp/hard\libm-fast-emfloat.a(__aeabi_i2d.o)
 .ARM.attributes
                0x0000000000002021       0x20 c:/program files/microchip/xc32/v4.45/bin/bin/../../lib/gcc/pic32c/8.3.1/../../../../pic32c/lib/thumb/v7e-m+fp/hard\libm-fast-emfloat.a(__aeabi_f2d.o)
 .ARM.attributes
                0x0000000000002041       0x20 c:/program files/microchip/xc32/v4.45/bin/bin/../../lib/gcc/pic32c/8.3.1/../../../../pic32c/lib/thumb/v7e-m+fp/hard\libm-fast-emfloat.a(__aeabi_d2f.o)
 .ARM.attributes
                0x0000000000002061       0x36 c:/program files/microchip/xc32/v4.45/bin/bin/../../lib/gcc/pic32c/8.3.1/../../../../pic32c/lib/thumb/v7e-m+fp/hard\libg-musl.a(__libc_start_main.o)
 .ARM.attributes
                0x0000000000002097       0x36 c:/program files/microchip/xc32/v4.45/bin/bin/../../lib/gcc/pic32c/8.3.1/../../../../pic32c/lib/thumb/v7e-m+fp/hard\libg-musl.a(assert.o)
 .ARM.attributes
                0x00000000000020cd       0x36 c:/program files/microchip/xc32/v4.45/bin/bin/../../lib/gcc/pic32c/8.3.1/../../../../pic32c/lib/thumb/v7e-m+fp/hard\libg-musl.a(abort.o)
 .ARM.attributes
                0x0000000000002103       0x34 c:/program files/microchip/xc32/v4.45/bin/bin/../../lib/gcc/pic32c/8.3.1/../../../../pic32c/lib/thumb/v7e-m+fp/hard\libg-musl.a(libc.o)
 .ARM.attributes
                0x0000000000002137       0x36 c:/program files/microchip/xc32/v4.45/bin/bin/../../lib/gcc/pic32c/8.3.1/../../../../pic32c/lib/thumb/v7e-m+fp/hard\libg-musl.a(fprintf.o)
 .ARM.attributes
                0x000000000000216d       0x36 c:/program files/microchip/xc32/v4.45/bin/bin/../../lib/gcc/pic32c/8.3.1/../../../../pic32c/lib/thumb/v7e-m+fp/hard\libg-musl.a(fflush.o)
 .ARM.attributes
                0x00000000000021a3       0x36 c:/program files/microchip/xc32/v4.45/bin/bin/../../lib/gcc/pic32c/8.3.1/../../../../pic32c/lib/thumb/v7e-m+fp/hard\libg-musl.a(stderr.o)
 .ARM.attributes
                0x00000000000021d9       0x36 c:/program files/microchip/xc32/v4.45/bin/bin/../../lib/gcc/pic32c/8.3.1/../../../../pic32c/lib/thumb/v7e-m+fp/hard\libg-musl.a(vfprintf.o)
 .ARM.attributes
                0x000000000000220f       0x36 c:/program files/microchip/xc32/v4.45/bin/bin/../../lib/gcc/pic32c/8.3.1/../../../../pic32c/lib/thumb/v7e-m+fp/hard\libg-musl.a(printf.o)
 .ARM.attributes
                0x0000000000002245       0x36 c:/program files/microchip/xc32/v4.45/bin/bin/../../lib/gcc/pic32c/8.3.1/../../../../pic32c/lib/thumb/v7e-m+fp/hard\libg-musl.a(sprintf.o)
 .ARM.attributes
                0x000000000000227b       0x36 c:/program files/microchip/xc32/v4.45/bin/bin/../../lib/gcc/pic32c/8.3.1/../../../../pic32c/lib/thumb/v7e-m+fp/hard\libg-musl.a(vsprintf.o)
 .ARM.attributes
                0x00000000000022b1       0x36 c:/program files/microchip/xc32/v4.45/bin/bin/../../lib/gcc/pic32c/8.3.1/../../../../pic32c/lib/thumb/v7e-m+fp/hard\libg-musl.a(gettimeofday.o)
 .ARM.attributes
                0x00000000000022e7       0x34 c:/program files/microchip/xc32/v4.45/bin/bin/../../lib/gcc/pic32c/8.3.1/../../../../pic32c/lib/thumb/v7e-m+fp/hard\libg-musl.a(__environ.o)
 .ARM.attributes
                0x000000000000231b       0x36 c:/program files/microchip/xc32/v4.45/bin/bin/../../lib/gcc/pic32c/8.3.1/../../../../pic32c/lib/thumb/v7e-m+fp/hard\libg-musl.a(_Exit.o)
 .ARM.attributes
                0x0000000000002351       0x36 c:/program files/microchip/xc32/v4.45/bin/bin/../../lib/gcc/pic32c/8.3.1/../../../../pic32c/lib/thumb/v7e-m+fp/hard\libg-musl.a(__pop_float.o)
 .ARM.attributes
                0x0000000000002387       0x36 c:/program files/microchip/xc32/v4.45/bin/bin/../../lib/gcc/pic32c/8.3.1/../../../../pic32c/lib/thumb/v7e-m+fp/hard\libg-musl.a(__pop_int.o)
 .ARM.attributes
                0x00000000000023bd       0x36 c:/program files/microchip/xc32/v4.45/bin/bin/../../lib/gcc/pic32c/8.3.1/../../../../pic32c/lib/thumb/v7e-m+fp/hard\libg-musl.a(__pop_ptr.o)
 .ARM.attributes
                0x00000000000023f3       0x36 c:/program files/microchip/xc32/v4.45/bin/bin/../../lib/gcc/pic32c/8.3.1/../../../../pic32c/lib/thumb/v7e-m+fp/hard\libg-musl.a(__printf_core.o)
 .ARM.attributes
                0x0000000000002429       0x36 c:/program files/microchip/xc32/v4.45/bin/bin/../../lib/gcc/pic32c/8.3.1/../../../../pic32c/lib/thumb/v7e-m+fp/hard\libg-musl.a(stdout.o)
 .ARM.attributes
                0x000000000000245f       0x36 c:/program files/microchip/xc32/v4.45/bin/bin/../../lib/gcc/pic32c/8.3.1/../../../../pic32c/lib/thumb/v7e-m+fp/hard\libg-musl.a(atoi.o)
 .ARM.attributes
                0x0000000000002495       0x36 c:/program files/microchip/xc32/v4.45/bin/bin/../../lib/gcc/pic32c/8.3.1/../../../../pic32c/lib/thumb/v7e-m+fp/hard\libg-musl.a(tolower.o)
 .ARM.attributes
                0x00000000000024cb       0x34 c:/program files/microchip/xc32/v4.45/bin/bin/../../lib/gcc/pic32c/8.3.1/../../../../pic32c/lib/thumb/v7e-m+fp/hard\libg-musl.a(__errno_location.o)
 .ARM.attributes
                0x00000000000024ff       0x36 c:/program files/microchip/xc32/v4.45/bin/bin/../../lib/gcc/pic32c/8.3.1/../../../../pic32c/lib/thumb/v7e-m+fp/hard\libg-musl.a(__fmt_a.o)
 .ARM.attributes
                0x0000000000002535       0x36 c:/program files/microchip/xc32/v4.45/bin/bin/../../lib/gcc/pic32c/8.3.1/../../../../pic32c/lib/thumb/v7e-m+fp/hard\libg-musl.a(__fmt_d.o)
 .ARM.attributes
                0x000000000000256b       0x36 c:/program files/microchip/xc32/v4.45/bin/bin/../../lib/gcc/pic32c/8.3.1/../../../../pic32c/lib/thumb/v7e-m+fp/hard\libg-musl.a(__fmt_fp.o)
 .ARM.attributes
                0x00000000000025a1       0x36 c:/program files/microchip/xc32/v4.45/bin/bin/../../lib/gcc/pic32c/8.3.1/../../../../pic32c/lib/thumb/v7e-m+fp/hard\libg-musl.a(__fmt_o.o)
 .ARM.attributes
                0x00000000000025d7       0x36 c:/program files/microchip/xc32/v4.45/bin/bin/../../lib/gcc/pic32c/8.3.1/../../../../pic32c/lib/thumb/v7e-m+fp/hard\libg-musl.a(__fmt_s.o)
 .ARM.attributes
                0x000000000000260d       0x36 c:/program files/microchip/xc32/v4.45/bin/bin/../../lib/gcc/pic32c/8.3.1/../../../../pic32c/lib/thumb/v7e-m+fp/hard\libg-musl.a(__fmt_u.o)
 .ARM.attributes
                0x0000000000002643       0x36 c:/program files/microchip/xc32/v4.45/bin/bin/../../lib/gcc/pic32c/8.3.1/../../../../pic32c/lib/thumb/v7e-m+fp/hard\libg-musl.a(__fmt_x.o)
 .ARM.attributes
                0x0000000000002679       0x36 c:/program files/microchip/xc32/v4.45/bin/bin/../../lib/gcc/pic32c/8.3.1/../../../../pic32c/lib/thumb/v7e-m+fp/hard\libg-musl.a(__init_stdio.o)
 .ARM.attributes
                0x00000000000026af       0x36 c:/program files/microchip/xc32/v4.45/bin/bin/../../lib/gcc/pic32c/8.3.1/../../../../pic32c/lib/thumb/v7e-m+fp/hard\libg-musl.a(__out.o)
 .ARM.attributes
                0x00000000000026e5       0x36 c:/program files/microchip/xc32/v4.45/bin/bin/../../lib/gcc/pic32c/8.3.1/../../../../pic32c/lib/thumb/v7e-m+fp/hard\libg-musl.a(toupper.o)
 .ARM.attributes
                0x000000000000271b       0x36 c:/program files/microchip/xc32/v4.45/bin/bin/../../lib/gcc/pic32c/8.3.1/../../../../pic32c/lib/thumb/v7e-m+fp/hard\libg-musl.a(__cvt_u.o)
 .ARM.attributes
                0x0000000000002751       0x34 c:/program files/microchip/xc32/v4.45/bin/bin/../../lib/gcc/pic32c/8.3.1/../../../../pic32c/lib/thumb/v7e-m+fp/hard\libm-fast-emfloat.a(fma.o)
 .ARM.attributes
                0x0000000000002785       0x34 c:/program files/microchip/xc32/v4.45/bin/bin/../../lib/gcc/pic32c/8.3.1/../../../../pic32c/lib/thumb/v7e-m+fp/hard\libm-fast-emfloat.a(floor.o)
 .ARM.attributes
                0x00000000000027b9       0x20 c:/program files/microchip/xc32/v4.45/bin/bin/../../lib/gcc/pic32c/8.3.1/../../../../pic32c/lib/thumb/v7e-m+fp/hard\libm-fast-emfloat.a(__aeabi_dadd.o)
 .ARM.attributes
                0x00000000000027d9       0x20 c:/program files/microchip/xc32/v4.45/bin/bin/../../lib/gcc/pic32c/8.3.1/../../../../pic32c/lib/thumb/v7e-m+fp/hard\libm-fast-emfloat.a(__aeabi_dsub.o)
 .ARM.attributes
                0x00000000000027f9       0x20 c:/program files/microchip/xc32/v4.45/bin/bin/../../lib/gcc/pic32c/8.3.1/../../../../pic32c/lib/thumb/v7e-m+fp/hard\libm-fast-emfloat.a(__aeabi_dcmple.o)
 .ARM.attributes
                0x0000000000002819       0x20 c:/program files/microchip/xc32/v4.45/bin/bin/../../lib/gcc/pic32c/8.3.1/../../../../pic32c/lib/thumb/v7e-m+fp/hard\libm-fast-emfloat.a(__aeabi_dcmpeq.o)
 .ARM.attributes
                0x0000000000002839       0x20 c:/program files/microchip/xc32/v4.45/bin/bin/../../lib/gcc/pic32c/8.3.1/../../../../pic32c/lib/thumb/v7e-m+fp/hard\libm-fast-emfloat.a(__aeabi_dcmpgt.o)
 .ARM.attributes
                0x0000000000002859       0x20 c:/program files/microchip/xc32/v4.45/bin/bin/../../lib/gcc/pic32c/8.3.1/../../../../pic32c/lib/thumb/v7e-m+fp/hard\libm-fast-emfloat.a(__aeabi_dcmplt.o)
 .ARM.attributes
                0x0000000000002879       0x20 c:/program files/microchip/xc32/v4.45/bin/bin/../../lib/gcc/pic32c/8.3.1/../../../../pic32c/lib/thumb/v7e-m+fp/hard\libm-fast-emfloat.a(__aeabi_d2iz.o)
 .ARM.attributes
                0x0000000000002899       0x1e c:/program files/microchip/xc32/v4.45/bin/bin/../../lib/gcc/pic32c/8.3.1/thumb/v7e-m+fp/hard\libgcc.a(_aeabi_uldivmod.o)
 .ARM.attributes
                0x00000000000028b7       0x34 c:/program files/microchip/xc32/v4.45/bin/bin/../../lib/gcc/pic32c/8.3.1/thumb/v7e-m+fp/hard\libgcc.a(_udivmoddi4.o)
 .ARM.attributes
                0x00000000000028eb       0x1e c:/program files/microchip/xc32/v4.45/bin/bin/../../lib/gcc/pic32c/8.3.1/thumb/v7e-m+fp/hard\libgcc.a(_dvmd_tls.o)
 .ARM.attributes
                0x0000000000002909       0x1e c:/program files/microchip/xc32/v4.45/bin/bin/../../lib/gcc/pic32c/8.3.1/thumb/v7e-m+fp/hard/crtn.o
 .ARM.attributes
                0x0000000000002927       0x34 c:/program files/microchip/xc32/v4.45/bin/bin/../../lib/gcc/pic32c/8.3.1/../../../../pic32c/lib/thumb/v7e-m+fp/hard\libpic32c.a(pic32_data_init_clear.o)
 .ARM.attributes
                0x000000000000295b       0x34 c:/program files/microchip/xc32/v4.45/bin/bin/../../lib/gcc/pic32c/8.3.1/../../../../pic32c/lib/thumb/v7e-m+fp/hard\libpic32c.a(pic32_data_init_copy.o)

.comment        0x0000000000000000       0x2b
 .comment       0x0000000000000000       0x2b c:/program files/microchip/xc32/v4.45/bin/bin/../../lib/gcc/pic32c/8.3.1/thumb/v7e-m+fp/hard/crtbegin.o
                                         0x2c (size before relaxing)
 .comment       0x000000000000002b       0x2c build/default/debug/_ext/1434821282/bsp.o
 .comment       0x000000000000002b       0x2c build/default/debug/_ext/992804092/drv_memory.o
 .comment       0x000000000000002b       0x2c build/default/debug/_ext/992804092/drv_memory_file_system.o
 .comment       0x000000000000002b       0x2c build/default/debug/_ext/538277063/drv_sst26.o
 .comment       0x000000000000002b       0x2c build/default/debug/_ext/818654064/drv_usbfsv1.o
 .comment       0x000000000000002b       0x2c build/default/debug/_ext/818654064/drv_usbfsv1_device.o
 .comment       0x000000000000002b       0x2c build/default/debug/_ext/1529399856/osal_freertos.o
 .comment       0x000000000000002b       0x2c build/default/debug/_ext/60163342/plib_adc1.o
 .comment       0x000000000000002b       0x2c build/default/debug/_ext/60163342/plib_adc0.o
 .comment       0x000000000000002b       0x2c build/default/debug/_ext/1984496892/plib_clock.o
 .comment       0x000000000000002b       0x2c build/default/debug/_ext/1986646378/plib_evsys.o
 .comment       0x000000000000002b       0x2c build/default/debug/_ext/1865468468/plib_nvic.o
 .comment       0x000000000000002b       0x2c build/default/debug/_ext/1593096446/plib_nvmctrl.o
 .comment       0x000000000000002b       0x2c build/default/debug/_ext/1865521619/plib_port.o
 .comment       0x000000000000002b       0x2c build/default/debug/_ext/1865555181/plib_qspi.o
 .comment       0x000000000000002b       0x2c build/default/debug/_ext/60180175/plib_rtc_clock.o
 .comment       0x000000000000002b       0x2c build/default/debug/_ext/508257091/plib_sercom3_i2c_master.o
 .comment       0x000000000000002b       0x2c build/default/debug/_ext/508257091/plib_sercom7_i2c_master.o
 .comment       0x000000000000002b       0x2c build/default/debug/_ext/504274921/plib_sercom2_usart.o
 .comment       0x000000000000002b       0x2c build/default/debug/_ext/504274921/plib_sercom5_usart.o
 .comment       0x000000000000002b       0x2c build/default/debug/_ext/829342655/plib_tc0.o
 .comment       0x000000000000002b       0x2c build/default/debug/_ext/163028504/xc32_monitor.o
 .comment       0x000000000000002b       0x2c build/default/debug/_ext/1376093119/sys_command.o
 .comment       0x000000000000002b       0x2c build/default/debug/_ext/1832805299/sys_console_uart.o
 .comment       0x000000000000002b       0x2c build/default/debug/_ext/1832805299/sys_console.o
 .comment       0x000000000000002b       0x2c build/default/debug/_ext/944882569/sys_debug.o
 .comment       0x000000000000002b       0x2c build/default/debug/_ext/411819097/ff.o
 .comment       0x000000000000002b       0x2c build/default/debug/_ext/411819097/ffunicode.o
 .comment       0x000000000000002b       0x2c build/default/debug/_ext/565198302/diskio.o
 .comment       0x000000000000002b       0x2c build/default/debug/_ext/1269487135/sys_fs_media_manager.o
 .comment       0x000000000000002b       0x2c build/default/debug/_ext/1269487135/sys_fs.o
 .comment       0x000000000000002b       0x2c build/default/debug/_ext/1269487135/sys_fs_fat_interface.o
 .comment       0x000000000000002b       0x2c build/default/debug/_ext/1881668453/sys_int.o
 .comment       0x000000000000002b       0x2c build/default/debug/_ext/1000052432/sys_reset.o
 .comment       0x000000000000002b       0x2c build/default/debug/_ext/101884895/sys_time.o
 .comment       0x000000000000002b       0x2c build/default/debug/_ext/308758920/usb_device_msd.o
 .comment       0x000000000000002b       0x2c build/default/debug/_ext/308758920/usb_device.o
 .comment       0x000000000000002b       0x2c build/default/debug/_ext/1171490990/startup_xc32.o
 .comment       0x000000000000002b       0x2c build/default/debug/_ext/1171490990/usb_device_init_data.o
 .comment       0x000000000000002b       0x2c build/default/debug/_ext/1171490990/exceptions.o
 .comment       0x000000000000002b       0x2c build/default/debug/_ext/1171490990/initialization.o
 .comment       0x000000000000002b       0x2c build/default/debug/_ext/1171490990/interrupts.o
 .comment       0x000000000000002b       0x2c build/default/debug/_ext/1171490990/libc_syscalls.o
 .comment       0x000000000000002b       0x2c build/default/debug/_ext/1171490990/tasks.o
 .comment       0x000000000000002b       0x2c build/default/debug/_ext/1171490990/diskImage.o
 .comment       0x000000000000002b       0x2c build/default/debug/_ext/1171490990/freertos_hooks.o
 .comment       0x000000000000002b       0x2c build/default/debug/_ext/246609638/port.o
 .comment       0x000000000000002b       0x2c build/default/debug/_ext/1665200909/heap_4.o
 .comment       0x000000000000002b       0x2c build/default/debug/_ext/404212886/FreeRTOS_tasks.o
 .comment       0x000000000000002b       0x2c build/default/debug/_ext/404212886/queue.o
 .comment       0x000000000000002b       0x2c build/default/debug/_ext/404212886/list.o
 .comment       0x000000000000002b       0x2c build/default/debug/_ext/1609294094/moduselect.o
 .comment       0x000000000000002b       0x2c build/default/debug/_ext/1076409803/same54p20a_adc.o
 .comment       0x000000000000002b       0x2c build/default/debug/_ext/1076409803/same54p20a_gpio.o
 .comment       0x000000000000002b       0x2c build/default/debug/_ext/1076409803/same54p20a_uart.o
 .comment       0x000000000000002b       0x2c build/default/debug/_ext/1076409803/same54p20a_i2c.o
 .comment       0x000000000000002b       0x2c build/default/debug/_ext/2014851014/argcheck.o
 .comment       0x000000000000002b       0x2c build/default/debug/_ext/2014851014/bc.o
 .comment       0x000000000000002b       0x2c build/default/debug/_ext/2014851014/binary.o
 .comment       0x000000000000002b       0x2c build/default/debug/_ext/2014851014/builtinevex.o
 .comment       0x000000000000002b       0x2c build/default/debug/_ext/2014851014/builtinimport.o
 .comment       0x000000000000002b       0x2c build/default/debug/_ext/2014851014/compile.o
 .comment       0x000000000000002b       0x2c build/default/debug/_ext/2014851014/emitbc.o
 .comment       0x000000000000002b       0x2c build/default/debug/_ext/2014851014/emitcommon.o
 .comment       0x000000000000002b       0x2c build/default/debug/_ext/2014851014/emitglue.o
 .comment       0x000000000000002b       0x2c build/default/debug/_ext/2014851014/gc.o
 .comment       0x000000000000002b       0x2c build/default/debug/_ext/2014851014/lexer.o
 .comment       0x000000000000002b       0x2c build/default/debug/_ext/2014851014/malloc.o
 .comment       0x000000000000002b       0x2c build/default/debug/_ext/2014851014/map.o
 .comment       0x000000000000002b       0x2c build/default/debug/_ext/2014851014/modarray.o
 .comment       0x000000000000002b       0x2c build/default/debug/_ext/2014851014/modbuiltins.o
 .comment       0x000000000000002b       0x2c build/default/debug/_ext/2014851014/modcollections.o
 .comment       0x000000000000002b       0x2c build/default/debug/_ext/2014851014/modgc.o
 .comment       0x000000000000002b       0x2c build/default/debug/_ext/2014851014/modstruct.o
 .comment       0x000000000000002b       0x2c build/default/debug/_ext/2014851014/mpprint.o
 .comment       0x000000000000002b       0x2c build/default/debug/_ext/2014851014/mpstate.o
 .comment       0x000000000000002b       0x2c build/default/debug/_ext/2014851014/mpz.o
 .comment       0x000000000000002b       0x2c build/default/debug/_ext/2014851014/nlr.o
 .comment       0x000000000000002b       0x2c build/default/debug/_ext/2014851014/nlrthumb.o
 .comment       0x000000000000002b       0x2c build/default/debug/_ext/2014851014/obj.o
 .comment       0x000000000000002b       0x2c build/default/debug/_ext/2014851014/objarray.o
 .comment       0x000000000000002b       0x2c build/default/debug/_ext/2014851014/objattrtuple.o
 .comment       0x000000000000002b       0x2c build/default/debug/_ext/2014851014/objbool.o
 .comment       0x000000000000002b       0x2c build/default/debug/_ext/2014851014/objboundmeth.o
 .comment       0x000000000000002b       0x2c build/default/debug/_ext/2014851014/objcell.o
 .comment       0x000000000000002b       0x2c build/default/debug/_ext/2014851014/objclosure.o
 .comment       0x000000000000002b       0x2c build/default/debug/_ext/2014851014/objdict.o
 .comment       0x000000000000002b       0x2c build/default/debug/_ext/2014851014/objenumerate.o
 .comment       0x000000000000002b       0x2c build/default/debug/_ext/2014851014/objexcept.o
 .comment       0x000000000000002b       0x2c build/default/debug/_ext/2014851014/objfilter.o
 .comment       0x000000000000002b       0x2c build/default/debug/_ext/2014851014/objfun.o
 .comment       0x000000000000002b       0x2c build/default/debug/_ext/2014851014/objgenerator.o
 .comment       0x000000000000002b       0x2c build/default/debug/_ext/2014851014/objgetitemiter.o
 .comment       0x000000000000002b       0x2c build/default/debug/_ext/2014851014/objint.o
 .comment       0x000000000000002b       0x2c build/default/debug/_ext/2014851014/objint_mpz.o
 .comment       0x000000000000002b       0x2c build/default/debug/_ext/2014851014/objlist.o
 .comment       0x000000000000002b       0x2c build/default/debug/_ext/2014851014/objmap.o
 .comment       0x000000000000002b       0x2c build/default/debug/_ext/2014851014/objmodule.o
 .comment       0x000000000000002b       0x2c build/default/debug/_ext/2014851014/objnamedtuple.o
 .comment       0x000000000000002b       0x2c build/default/debug/_ext/2014851014/objnone.o
 .comment       0x000000000000002b       0x2c build/default/debug/_ext/2014851014/objobject.o
 .comment       0x000000000000002b       0x2c build/default/debug/_ext/2014851014/objpolyiter.o
 .comment       0x000000000000002b       0x2c build/default/debug/_ext/2014851014/objrange.o
 .comment       0x000000000000002b       0x2c build/default/debug/_ext/2014851014/objreversed.o
 .comment       0x000000000000002b       0x2c build/default/debug/_ext/2014851014/objsingleton.o
 .comment       0x000000000000002b       0x2c build/default/debug/_ext/2014851014/objstr.o
 .comment       0x000000000000002b       0x2c build/default/debug/_ext/2014851014/objtuple.o
 .comment       0x000000000000002b       0x2c build/default/debug/_ext/2014851014/objtype.o
 .comment       0x000000000000002b       0x2c build/default/debug/_ext/2014851014/objzip.o
 .comment       0x000000000000002b       0x2c build/default/debug/_ext/2014851014/opmethods.o
 .comment       0x000000000000002b       0x2c build/default/debug/_ext/2014851014/parse.o
 .comment       0x000000000000002b       0x2c build/default/debug/_ext/2014851014/parsenum.o
 .comment       0x000000000000002b       0x2c build/default/debug/_ext/2014851014/parsenumbase.o
 .comment       0x000000000000002b       0x2c build/default/debug/_ext/2014851014/qstr.o
 .comment       0x000000000000002b       0x2c build/default/debug/_ext/2014851014/reader.o
 .comment       0x000000000000002b       0x2c build/default/debug/_ext/2014851014/repl.o
 .comment       0x000000000000002b       0x2c build/default/debug/_ext/2014851014/runtime.o
 .comment       0x000000000000002b       0x2c build/default/debug/_ext/2014851014/runtime_utils.o
 .comment       0x000000000000002b       0x2c build/default/debug/_ext/2014851014/scheduler.o
 .comment       0x000000000000002b       0x2c build/default/debug/_ext/2014851014/scope.o
 .comment       0x000000000000002b       0x2c build/default/debug/_ext/2014851014/sequence.o
 .comment       0x000000000000002b       0x2c build/default/debug/_ext/2014851014/showbc.o
 .comment       0x000000000000002b       0x2c build/default/debug/_ext/2014851014/smallint.o
 .comment       0x000000000000002b       0x2c build/default/debug/_ext/2014851014/stream.o
 .comment       0x000000000000002b       0x2c build/default/debug/_ext/2014851014/unicode.o
 .comment       0x000000000000002b       0x2c build/default/debug/_ext/2014851014/vm.o
 .comment       0x000000000000002b       0x2c build/default/debug/_ext/2014851014/vstr.o
 .comment       0x000000000000002b       0x2c build/default/debug/_ext/221614377/printf.o
 .comment       0x000000000000002b       0x2c build/default/debug/_ext/221614377/string0.o
 .comment       0x000000000000002b       0x2c build/default/debug/_ext/838023779/readline.o
 .comment       0x000000000000002b       0x2c build/default/debug/_ext/636126431/mpirq.o
 .comment       0x000000000000002b       0x2c build/default/debug/_ext/636126431/pyexec.o
 .comment       0x000000000000002b       0x2c build/default/debug/_ext/1367672139/timeutils.o
 .comment       0x000000000000002b       0x2c build/default/debug/_ext/1348741808/machine_adc.o
 .comment       0x000000000000002b       0x2c build/default/debug/_ext/1348741808/machine_i2c.o
 .comment       0x000000000000002b       0x2c build/default/debug/_ext/1348741808/machine_pin.o
 .comment       0x000000000000002b       0x2c build/default/debug/_ext/1348741808/machine_timer.o
 .comment       0x000000000000002b       0x2c build/default/debug/_ext/1348741808/machine_uart.o
 .comment       0x000000000000002b       0x2c build/default/debug/_ext/1348741808/modmachine.o
 .comment       0x000000000000002b       0x2c build/default/debug/_ext/1348741808/modtest.o
 .comment       0x000000000000002b       0x2c build/default/debug/_ext/1348741808/modutime.o
 .comment       0x000000000000002b       0x2c build/default/debug/_ext/1348741808/same54_mphal.o
 .comment       0x000000000000002b       0x2c build/default/debug/_ext/1360937237/app.o
 .comment       0x000000000000002b       0x2c build/default/debug/_ext/1360937237/main.o
 .comment       0x000000000000002b       0x2c build/default/debug/_ext/1360937237/app_fs.o
 .comment       0x000000000000002b       0x2c build/default/debug/_ext/1360937237/app_mp.o
 .comment       0x000000000000002b       0x2c c:/program files/microchip/xc32/v4.45/bin/bin/../../lib/gcc/pic32c/8.3.1/../../../../pic32c/lib/thumb/v7e-m+fp/hard\libpic32c.a(data_init.o)
 .comment       0x000000000000002b       0x2c c:/program files/microchip/xc32/v4.45/bin/bin/../../lib/gcc/pic32c/8.3.1/../../../../pic32c/lib/thumb/v7e-m+fp/hard\libc-size-musl.a(memcmp.o)
 .comment       0x000000000000002b       0x2c c:/program files/microchip/xc32/v4.45/bin/bin/../../lib/gcc/pic32c/8.3.1/../../../../pic32c/lib/thumb/v7e-m+fp/hard\libc-size-musl.a(memcpy.o)
 .comment       0x000000000000002b       0x2c c:/program files/microchip/xc32/v4.45/bin/bin/../../lib/gcc/pic32c/8.3.1/../../../../pic32c/lib/thumb/v7e-m+fp/hard\libc-size-musl.a(memmove.o)
 .comment       0x000000000000002b       0x2c c:/program files/microchip/xc32/v4.45/bin/bin/../../lib/gcc/pic32c/8.3.1/../../../../pic32c/lib/thumb/v7e-m+fp/hard\libc-size-musl.a(memset.o)
 .comment       0x000000000000002b       0x2c c:/program files/microchip/xc32/v4.45/bin/bin/../../lib/gcc/pic32c/8.3.1/../../../../pic32c/lib/thumb/v7e-m+fp/hard\libc-size-musl.a(strncpy.o)
 .comment       0x000000000000002b       0x2c c:/program files/microchip/xc32/v4.45/bin/bin/../../lib/gcc/pic32c/8.3.1/../../../../pic32c/lib/thumb/v7e-m+fp/hard\libc-size-musl.a(strtok.o)
 .comment       0x000000000000002b       0x2c c:/program files/microchip/xc32/v4.45/bin/bin/../../lib/gcc/pic32c/8.3.1/../../../../pic32c/lib/thumb/v7e-m+fp/hard\libc-size-musl.a(stpncpy.o)
 .comment       0x000000000000002b       0x2c c:/program files/microchip/xc32/v4.45/bin/bin/../../lib/gcc/pic32c/8.3.1/../../../../pic32c/lib/thumb/v7e-m+fp/hard\libg-musl.a(__libc_start_main.o)
 .comment       0x000000000000002b       0x2c c:/program files/microchip/xc32/v4.45/bin/bin/../../lib/gcc/pic32c/8.3.1/../../../../pic32c/lib/thumb/v7e-m+fp/hard\libg-musl.a(assert.o)
 .comment       0x000000000000002b       0x2c c:/program files/microchip/xc32/v4.45/bin/bin/../../lib/gcc/pic32c/8.3.1/../../../../pic32c/lib/thumb/v7e-m+fp/hard\libg-musl.a(abort.o)
 .comment       0x000000000000002b       0x2c c:/program files/microchip/xc32/v4.45/bin/bin/../../lib/gcc/pic32c/8.3.1/../../../../pic32c/lib/thumb/v7e-m+fp/hard\libg-musl.a(libc.o)
 .comment       0x000000000000002b       0x2c c:/program files/microchip/xc32/v4.45/bin/bin/../../lib/gcc/pic32c/8.3.1/../../../../pic32c/lib/thumb/v7e-m+fp/hard\libg-musl.a(fprintf.o)
 .comment       0x000000000000002b       0x2c c:/program files/microchip/xc32/v4.45/bin/bin/../../lib/gcc/pic32c/8.3.1/../../../../pic32c/lib/thumb/v7e-m+fp/hard\libg-musl.a(fflush.o)
 .comment       0x000000000000002b       0x2c c:/program files/microchip/xc32/v4.45/bin/bin/../../lib/gcc/pic32c/8.3.1/../../../../pic32c/lib/thumb/v7e-m+fp/hard\libg-musl.a(stderr.o)
 .comment       0x000000000000002b       0x2c c:/program files/microchip/xc32/v4.45/bin/bin/../../lib/gcc/pic32c/8.3.1/../../../../pic32c/lib/thumb/v7e-m+fp/hard\libg-musl.a(vfprintf.o)
 .comment       0x000000000000002b       0x2c c:/program files/microchip/xc32/v4.45/bin/bin/../../lib/gcc/pic32c/8.3.1/../../../../pic32c/lib/thumb/v7e-m+fp/hard\libg-musl.a(printf.o)
 .comment       0x000000000000002b       0x2c c:/program files/microchip/xc32/v4.45/bin/bin/../../lib/gcc/pic32c/8.3.1/../../../../pic32c/lib/thumb/v7e-m+fp/hard\libg-musl.a(sprintf.o)
 .comment       0x000000000000002b       0x2c c:/program files/microchip/xc32/v4.45/bin/bin/../../lib/gcc/pic32c/8.3.1/../../../../pic32c/lib/thumb/v7e-m+fp/hard\libg-musl.a(vsprintf.o)
 .comment       0x000000000000002b       0x2c c:/program files/microchip/xc32/v4.45/bin/bin/../../lib/gcc/pic32c/8.3.1/../../../../pic32c/lib/thumb/v7e-m+fp/hard\libg-musl.a(gettimeofday.o)
 .comment       0x000000000000002b       0x2c c:/program files/microchip/xc32/v4.45/bin/bin/../../lib/gcc/pic32c/8.3.1/../../../../pic32c/lib/thumb/v7e-m+fp/hard\libg-musl.a(__environ.o)
 .comment       0x000000000000002b       0x2c c:/program files/microchip/xc32/v4.45/bin/bin/../../lib/gcc/pic32c/8.3.1/../../../../pic32c/lib/thumb/v7e-m+fp/hard\libg-musl.a(_Exit.o)
 .comment       0x000000000000002b       0x2c c:/program files/microchip/xc32/v4.45/bin/bin/../../lib/gcc/pic32c/8.3.1/../../../../pic32c/lib/thumb/v7e-m+fp/hard\libg-musl.a(__pop_float.o)
 .comment       0x000000000000002b       0x2c c:/program files/microchip/xc32/v4.45/bin/bin/../../lib/gcc/pic32c/8.3.1/../../../../pic32c/lib/thumb/v7e-m+fp/hard\libg-musl.a(__pop_int.o)
 .comment       0x000000000000002b       0x2c c:/program files/microchip/xc32/v4.45/bin/bin/../../lib/gcc/pic32c/8.3.1/../../../../pic32c/lib/thumb/v7e-m+fp/hard\libg-musl.a(__pop_ptr.o)
 .comment       0x000000000000002b       0x2c c:/program files/microchip/xc32/v4.45/bin/bin/../../lib/gcc/pic32c/8.3.1/../../../../pic32c/lib/thumb/v7e-m+fp/hard\libg-musl.a(__printf_core.o)
 .comment       0x000000000000002b       0x2c c:/program files/microchip/xc32/v4.45/bin/bin/../../lib/gcc/pic32c/8.3.1/../../../../pic32c/lib/thumb/v7e-m+fp/hard\libg-musl.a(stdout.o)
 .comment       0x000000000000002b       0x2c c:/program files/microchip/xc32/v4.45/bin/bin/../../lib/gcc/pic32c/8.3.1/../../../../pic32c/lib/thumb/v7e-m+fp/hard\libg-musl.a(atoi.o)
 .comment       0x000000000000002b       0x2c c:/program files/microchip/xc32/v4.45/bin/bin/../../lib/gcc/pic32c/8.3.1/../../../../pic32c/lib/thumb/v7e-m+fp/hard\libg-musl.a(tolower.o)
 .comment       0x000000000000002b       0x2c c:/program files/microchip/xc32/v4.45/bin/bin/../../lib/gcc/pic32c/8.3.1/../../../../pic32c/lib/thumb/v7e-m+fp/hard\libg-musl.a(__errno_location.o)
 .comment       0x000000000000002b       0x2c c:/program files/microchip/xc32/v4.45/bin/bin/../../lib/gcc/pic32c/8.3.1/../../../../pic32c/lib/thumb/v7e-m+fp/hard\libg-musl.a(__fmt_a.o)
 .comment       0x000000000000002b       0x2c c:/program files/microchip/xc32/v4.45/bin/bin/../../lib/gcc/pic32c/8.3.1/../../../../pic32c/lib/thumb/v7e-m+fp/hard\libg-musl.a(__fmt_d.o)
 .comment       0x000000000000002b       0x2c c:/program files/microchip/xc32/v4.45/bin/bin/../../lib/gcc/pic32c/8.3.1/../../../../pic32c/lib/thumb/v7e-m+fp/hard\libg-musl.a(__fmt_fp.o)
 .comment       0x000000000000002b       0x2c c:/program files/microchip/xc32/v4.45/bin/bin/../../lib/gcc/pic32c/8.3.1/../../../../pic32c/lib/thumb/v7e-m+fp/hard\libg-musl.a(__fmt_o.o)
 .comment       0x000000000000002b       0x2c c:/program files/microchip/xc32/v4.45/bin/bin/../../lib/gcc/pic32c/8.3.1/../../../../pic32c/lib/thumb/v7e-m+fp/hard\libg-musl.a(__fmt_s.o)
 .comment       0x000000000000002b       0x2c c:/program files/microchip/xc32/v4.45/bin/bin/../../lib/gcc/pic32c/8.3.1/../../../../pic32c/lib/thumb/v7e-m+fp/hard\libg-musl.a(__fmt_u.o)
 .comment       0x000000000000002b       0x2c c:/program files/microchip/xc32/v4.45/bin/bin/../../lib/gcc/pic32c/8.3.1/../../../../pic32c/lib/thumb/v7e-m+fp/hard\libg-musl.a(__fmt_x.o)
 .comment       0x000000000000002b       0x2c c:/program files/microchip/xc32/v4.45/bin/bin/../../lib/gcc/pic32c/8.3.1/../../../../pic32c/lib/thumb/v7e-m+fp/hard\libg-musl.a(__init_stdio.o)
 .comment       0x000000000000002b       0x2c c:/program files/microchip/xc32/v4.45/bin/bin/../../lib/gcc/pic32c/8.3.1/../../../../pic32c/lib/thumb/v7e-m+fp/hard\libg-musl.a(__out.o)
 .comment       0x000000000000002b       0x2c c:/program files/microchip/xc32/v4.45/bin/bin/../../lib/gcc/pic32c/8.3.1/../../../../pic32c/lib/thumb/v7e-m+fp/hard\libg-musl.a(toupper.o)
 .comment       0x000000000000002b       0x2c c:/program files/microchip/xc32/v4.45/bin/bin/../../lib/gcc/pic32c/8.3.1/../../../../pic32c/lib/thumb/v7e-m+fp/hard\libg-musl.a(__cvt_u.o)
 .comment       0x000000000000002b       0x2c c:/program files/microchip/xc32/v4.45/bin/bin/../../lib/gcc/pic32c/8.3.1/../../../../pic32c/lib/thumb/v7e-m+fp/hard\libm-fast-emfloat.a(fma.o)
 .comment       0x000000000000002b       0x2c c:/program files/microchip/xc32/v4.45/bin/bin/../../lib/gcc/pic32c/8.3.1/../../../../pic32c/lib/thumb/v7e-m+fp/hard\libm-fast-emfloat.a(floor.o)
 .comment       0x000000000000002b       0x2c c:/program files/microchip/xc32/v4.45/bin/bin/../../lib/gcc/pic32c/8.3.1/thumb/v7e-m+fp/hard\libgcc.a(_udivmoddi4.o)
 .comment       0x000000000000002b       0x2c c:/program files/microchip/xc32/v4.45/bin/bin/../../lib/gcc/pic32c/8.3.1/../../../../pic32c/lib/thumb/v7e-m+fp/hard\libpic32c.a(pic32_data_init_clear.o)
 .comment       0x000000000000002b       0x2c c:/program files/microchip/xc32/v4.45/bin/bin/../../lib/gcc/pic32c/8.3.1/../../../../pic32c/lib/thumb/v7e-m+fp/hard\libpic32c.a(pic32_data_init_copy.o)

.debug_info     0x0000000000000000    0xb9b73
 .debug_info    0x0000000000000000      0x243 build/default/debug/_ext/1434821282/bsp.o
 .debug_info    0x0000000000000243     0x187c build/default/debug/_ext/992804092/drv_memory.o
 .debug_info    0x0000000000001abf      0x556 build/default/debug/_ext/992804092/drv_memory_file_system.o
 .debug_info    0x0000000000002015      0xc8d build/default/debug/_ext/538277063/drv_sst26.o
 .debug_info    0x0000000000002ca2     0x21e9 build/default/debug/_ext/818654064/drv_usbfsv1.o
 .debug_info    0x0000000000004e8b     0x3001 build/default/debug/_ext/818654064/drv_usbfsv1_device.o
 .debug_info    0x0000000000007e8c      0x519 build/default/debug/_ext/1529399856/osal_freertos.o
 .debug_info    0x00000000000083a5      0x629 build/default/debug/_ext/60163342/plib_adc1.o
 .debug_info    0x00000000000089ce      0x629 build/default/debug/_ext/60163342/plib_adc0.o
 .debug_info    0x0000000000008ff7      0x659 build/default/debug/_ext/1984496892/plib_clock.o
 .debug_info    0x0000000000009650       0x91 build/default/debug/_ext/1986646378/plib_evsys.o
 .debug_info    0x00000000000096e1      0x9b3 build/default/debug/_ext/1865468468/plib_nvic.o
 .debug_info    0x000000000000a094      0x7a9 build/default/debug/_ext/1593096446/plib_nvmctrl.o
 .debug_info    0x000000000000a83d      0x7cf build/default/debug/_ext/1865521619/plib_port.o
 .debug_info    0x000000000000b00c      0x7ed build/default/debug/_ext/1865555181/plib_qspi.o
 .debug_info    0x000000000000b7f9      0xa57 build/default/debug/_ext/60180175/plib_rtc_clock.o
 .debug_info    0x000000000000c250     0x104d build/default/debug/_ext/508257091/plib_sercom3_i2c_master.o
 .debug_info    0x000000000000d29d     0x104d build/default/debug/_ext/508257091/plib_sercom7_i2c_master.o
 .debug_info    0x000000000000e2ea     0x14e2 build/default/debug/_ext/504274921/plib_sercom2_usart.o
 .debug_info    0x000000000000f7cc     0x14e2 build/default/debug/_ext/504274921/plib_sercom5_usart.o
 .debug_info    0x0000000000010cae      0x833 build/default/debug/_ext/829342655/plib_tc0.o
 .debug_info    0x00000000000114e1       0xdf build/default/debug/_ext/163028504/xc32_monitor.o
 .debug_info    0x00000000000115c0     0x159e build/default/debug/_ext/1376093119/sys_command.o
 .debug_info    0x0000000000012b5e      0xaf0 build/default/debug/_ext/1832805299/sys_console_uart.o
 .debug_info    0x000000000001364e      0xa2e build/default/debug/_ext/1832805299/sys_console.o
 .debug_info    0x000000000001407c      0x32e build/default/debug/_ext/944882569/sys_debug.o
 .debug_info    0x00000000000143aa     0x3816 build/default/debug/_ext/411819097/ff.o
 .debug_info    0x0000000000017bc0      0x276 build/default/debug/_ext/411819097/ffunicode.o
 .debug_info    0x0000000000017e36      0x6f4 build/default/debug/_ext/565198302/diskio.o
 .debug_info    0x000000000001852a     0x14a0 build/default/debug/_ext/1269487135/sys_fs_media_manager.o
 .debug_info    0x00000000000199ca     0x2323 build/default/debug/_ext/1269487135/sys_fs.o
 .debug_info    0x000000000001bced     0x1724 build/default/debug/_ext/1269487135/sys_fs_fat_interface.o
 .debug_info    0x000000000001d411      0x733 build/default/debug/_ext/1881668453/sys_int.o
 .debug_info    0x000000000001db44      0x2e0 build/default/debug/_ext/1000052432/sys_reset.o
 .debug_info    0x000000000001de24     0x1404 build/default/debug/_ext/101884895/sys_time.o
 .debug_info    0x000000000001f228     0x217c build/default/debug/_ext/308758920/usb_device_msd.o
 .debug_info    0x00000000000213a4     0x3237 build/default/debug/_ext/308758920/usb_device.o
 .debug_info    0x00000000000245db      0x4aa build/default/debug/_ext/1171490990/startup_xc32.o
 .debug_info    0x0000000000024a85     0x1cc0 build/default/debug/_ext/1171490990/usb_device_init_data.o
 .debug_info    0x0000000000026745      0x111 build/default/debug/_ext/1171490990/exceptions.o
 .debug_info    0x0000000000026856     0x2db6 build/default/debug/_ext/1171490990/initialization.o
 .debug_info    0x000000000002960c      0xc71 build/default/debug/_ext/1171490990/interrupts.o
 .debug_info    0x000000000002a27d       0xa2 build/default/debug/_ext/1171490990/libc_syscalls.o
 .debug_info    0x000000000002a31f      0x544 build/default/debug/_ext/1171490990/tasks.o
 .debug_info    0x000000000002a863      0x2af build/default/debug/_ext/1171490990/diskImage.o
 .debug_info    0x000000000002ab12      0x1de build/default/debug/_ext/1171490990/freertos_hooks.o
 .debug_info    0x000000000002acf0      0x33c build/default/debug/_ext/246609638/port.o
 .debug_info    0x000000000002b02c      0x49d build/default/debug/_ext/1665200909/heap_4.o
 .debug_info    0x000000000002b4c9     0x1b88 build/default/debug/_ext/404212886/FreeRTOS_tasks.o
 .debug_info    0x000000000002d051     0x10a2 build/default/debug/_ext/404212886/queue.o
 .debug_info    0x000000000002e0f3      0x2ea build/default/debug/_ext/404212886/list.o
 .debug_info    0x000000000002e3dd     0x1f92 build/default/debug/_ext/1609294094/moduselect.o
 .debug_info    0x000000000003036f      0x17b build/default/debug/_ext/1076409803/same54p20a_adc.o
 .debug_info    0x00000000000304ea      0x6ee build/default/debug/_ext/1076409803/same54p20a_gpio.o
 .debug_info    0x0000000000030bd8      0x286 build/default/debug/_ext/1076409803/same54p20a_uart.o
 .debug_info    0x0000000000030e5e      0x2b3 build/default/debug/_ext/1076409803/same54p20a_i2c.o
 .debug_info    0x0000000000031111      0x4f7 build/default/debug/_ext/2014851014/argcheck.o
 .debug_info    0x0000000000031608     0x1017 build/default/debug/_ext/2014851014/bc.o
 .debug_info    0x000000000003261f      0xcc2 build/default/debug/_ext/2014851014/binary.o
 .debug_info    0x00000000000332e1     0x1eef build/default/debug/_ext/2014851014/builtinevex.o
 .debug_info    0x00000000000351d0     0x23d4 build/default/debug/_ext/2014851014/builtinimport.o
 .debug_info    0x00000000000375a4     0x5a8a build/default/debug/_ext/2014851014/compile.o
 .debug_info    0x000000000003d02e     0x3216 build/default/debug/_ext/2014851014/emitbc.o
 .debug_info    0x0000000000040244      0xe6c build/default/debug/_ext/2014851014/emitcommon.o
 .debug_info    0x00000000000410b0      0xbb5 build/default/debug/_ext/2014851014/emitglue.o
 .debug_info    0x0000000000041c65     0x166f build/default/debug/_ext/2014851014/gc.o
 .debug_info    0x00000000000432d4     0x1af7 build/default/debug/_ext/2014851014/lexer.o
 .debug_info    0x0000000000044dcb      0x219 build/default/debug/_ext/2014851014/malloc.o
 .debug_info    0x0000000000044fe4      0xb77 build/default/debug/_ext/2014851014/map.o
 .debug_info    0x0000000000045b5b     0x1386 build/default/debug/_ext/2014851014/modarray.o
 .debug_info    0x0000000000046ee1     0x2f9f build/default/debug/_ext/2014851014/modbuiltins.o
 .debug_info    0x0000000000049e80     0x144f build/default/debug/_ext/2014851014/modcollections.o
 .debug_info    0x000000000004b2cf     0x1cde build/default/debug/_ext/2014851014/modgc.o
 .debug_info    0x000000000004cfad     0x1ae5 build/default/debug/_ext/2014851014/modstruct.o
 .debug_info    0x000000000004ea92      0xf87 build/default/debug/_ext/2014851014/mpprint.o
 .debug_info    0x000000000004fa19      0xd80 build/default/debug/_ext/2014851014/mpstate.o
 .debug_info    0x0000000000050799     0x187d build/default/debug/_ext/2014851014/mpz.o
 .debug_info    0x0000000000052016      0xde5 build/default/debug/_ext/2014851014/nlr.o
 .debug_info    0x0000000000052dfb      0xdf3 build/default/debug/_ext/2014851014/nlrthumb.o
 .debug_info    0x0000000000053bee     0x1dde build/default/debug/_ext/2014851014/obj.o
 .debug_info    0x00000000000559cc     0x1e28 build/default/debug/_ext/2014851014/objarray.o
 .debug_info    0x00000000000577f4     0x14ae build/default/debug/_ext/2014851014/objattrtuple.o
 .debug_info    0x0000000000058ca2     0x1479 build/default/debug/_ext/2014851014/objbool.o
 .debug_info    0x000000000005a11b     0x141f build/default/debug/_ext/2014851014/objboundmeth.o
 .debug_info    0x000000000005b53a     0x1377 build/default/debug/_ext/2014851014/objcell.o
 .debug_info    0x000000000005c8b1     0x140a build/default/debug/_ext/2014851014/objclosure.o
 .debug_info    0x000000000005dcbb     0x268b build/default/debug/_ext/2014851014/objdict.o
 .debug_info    0x0000000000060346     0x147b build/default/debug/_ext/2014851014/objenumerate.o
 .debug_info    0x00000000000617c1     0x23fa build/default/debug/_ext/2014851014/objexcept.o
 .debug_info    0x0000000000063bbb     0x140e build/default/debug/_ext/2014851014/objfilter.o
 .debug_info    0x0000000000064fc9     0x23b3 build/default/debug/_ext/2014851014/objfun.o
 .debug_info    0x000000000006737c     0x21dc build/default/debug/_ext/2014851014/objgenerator.o
 .debug_info    0x0000000000069558     0x1425 build/default/debug/_ext/2014851014/objgetitemiter.o
 .debug_info    0x000000000006a97d     0x1b79 build/default/debug/_ext/2014851014/objint.o
 .debug_info    0x000000000006c4f6     0x114e build/default/debug/_ext/2014851014/objint_mpz.o
 .debug_info    0x000000000006d644     0x23eb build/default/debug/_ext/2014851014/objlist.o
 .debug_info    0x000000000006fa2f     0x145a build/default/debug/_ext/2014851014/objmap.o
 .debug_info    0x0000000000070e89     0x1e5e build/default/debug/_ext/2014851014/objmodule.o
 .debug_info    0x0000000000072ce7      0xd33 build/default/debug/_ext/2014851014/objnamedtuple.o
 .debug_info    0x0000000000073a1a     0x12c9 build/default/debug/_ext/2014851014/objnone.o
 .debug_info    0x0000000000074ce3     0x138b build/default/debug/_ext/2014851014/objobject.o
 .debug_info    0x000000000007606e     0x1300 build/default/debug/_ext/2014851014/objpolyiter.o
 .debug_info    0x000000000007736e     0x174c build/default/debug/_ext/2014851014/objrange.o
 .debug_info    0x0000000000078aba     0x1405 build/default/debug/_ext/2014851014/objreversed.o
 .debug_info    0x0000000000079ebf     0x1332 build/default/debug/_ext/2014851014/objsingleton.o
 .debug_info    0x000000000007b1f1     0x3de6 build/default/debug/_ext/2014851014/objstr.o
 .debug_info    0x000000000007efd7     0x1cf8 build/default/debug/_ext/2014851014/objtuple.o
 .debug_info    0x0000000000080ccf     0x2a8b build/default/debug/_ext/2014851014/objtype.o
 .debug_info    0x000000000008375a     0x1498 build/default/debug/_ext/2014851014/objzip.o
 .debug_info    0x0000000000084bf2      0xa95 build/default/debug/_ext/2014851014/opmethods.o
 .debug_info    0x0000000000085687     0x3b06 build/default/debug/_ext/2014851014/parse.o
 .debug_info    0x000000000008918d     0x18ad build/default/debug/_ext/2014851014/parsenum.o
 .debug_info    0x000000000008aa3a      0x140 build/default/debug/_ext/2014851014/parsenumbase.o
 .debug_info    0x000000000008ab7a     0x1d75 build/default/debug/_ext/2014851014/qstr.o
 .debug_info    0x000000000008c8ef      0x25b build/default/debug/_ext/2014851014/reader.o
 .debug_info    0x000000000008cb4a     0x1ccf build/default/debug/_ext/2014851014/repl.o
 .debug_info    0x000000000008e819     0x3c57 build/default/debug/_ext/2014851014/runtime.o
 .debug_info    0x0000000000092470      0x254 build/default/debug/_ext/2014851014/runtime_utils.o
 .debug_info    0x00000000000926c4      0xf4c build/default/debug/_ext/2014851014/scheduler.o
 .debug_info    0x0000000000093610     0x10e7 build/default/debug/_ext/2014851014/scope.o
 .debug_info    0x00000000000946f7      0xc36 build/default/debug/_ext/2014851014/sequence.o
 .debug_info    0x000000000009532d      0x886 build/default/debug/_ext/2014851014/showbc.o
 .debug_info    0x0000000000095bb3      0x14b build/default/debug/_ext/2014851014/smallint.o
 .debug_info    0x0000000000095cfe     0x158d build/default/debug/_ext/2014851014/stream.o
 .debug_info    0x000000000009728b      0x2d5 build/default/debug/_ext/2014851014/unicode.o
 .debug_info    0x0000000000097560     0x2953 build/default/debug/_ext/2014851014/vm.o
 .debug_info    0x0000000000099eb3      0xf39 build/default/debug/_ext/2014851014/vstr.o
 .debug_info    0x000000000009adec      0x3bf build/default/debug/_ext/221614377/printf.o
 .debug_info    0x000000000009b1ab      0x422 build/default/debug/_ext/221614377/string0.o
 .debug_info    0x000000000009b5cd     0x121b build/default/debug/_ext/838023779/readline.o
 .debug_info    0x000000000009c7e8     0x19b6 build/default/debug/_ext/636126431/mpirq.o
 .debug_info    0x000000000009e19e     0x2417 build/default/debug/_ext/636126431/pyexec.o
 .debug_info    0x00000000000a05b5      0x46c build/default/debug/_ext/1367672139/timeutils.o
 .debug_info    0x00000000000a0a21     0x18c5 build/default/debug/_ext/1348741808/machine_adc.o
 .debug_info    0x00000000000a22e6     0x2951 build/default/debug/_ext/1348741808/machine_i2c.o
 .debug_info    0x00000000000a4c37     0x277d build/default/debug/_ext/1348741808/machine_pin.o
 .debug_info    0x00000000000a73b4     0x21da build/default/debug/_ext/1348741808/machine_timer.o
 .debug_info    0x00000000000a958e     0x202d build/default/debug/_ext/1348741808/machine_uart.o
 .debug_info    0x00000000000ab5bb     0x14c1 build/default/debug/_ext/1348741808/modmachine.o
 .debug_info    0x00000000000aca7c     0x16c5 build/default/debug/_ext/1348741808/modtest.o
 .debug_info    0x00000000000ae141     0x17dd build/default/debug/_ext/1348741808/modutime.o
 .debug_info    0x00000000000af91e     0x11bf build/default/debug/_ext/1348741808/same54_mphal.o
 .debug_info    0x00000000000b0add      0x60b build/default/debug/_ext/1360937237/app.o
 .debug_info    0x00000000000b10e8       0x9c build/default/debug/_ext/1360937237/main.o
 .debug_info    0x00000000000b1184     0x1c0d build/default/debug/_ext/1360937237/app_fs.o
 .debug_info    0x00000000000b2d91     0x151f build/default/debug/_ext/1360937237/app_mp.o
 .debug_info    0x00000000000b42b0       0x54 c:/program files/microchip/xc32/v4.45/bin/bin/../../lib/gcc/pic32c/8.3.1/../../../../pic32c/lib/thumb/v7e-m+fp/hard\libpic32c.a(data_init.o)
 .debug_info    0x00000000000b4304       0xe0 c:/program files/microchip/xc32/v4.45/bin/bin/../../lib/gcc/pic32c/8.3.1/../../../../pic32c/lib/thumb/v7e-m+fp/hard\libc-size-musl.a(memcmp.o)
 .debug_info    0x00000000000b43e4       0xf3 c:/program files/microchip/xc32/v4.45/bin/bin/../../lib/gcc/pic32c/8.3.1/../../../../pic32c/lib/thumb/v7e-m+fp/hard\libc-size-musl.a(memcpy.o)
 .debug_info    0x00000000000b44d7       0xea c:/program files/microchip/xc32/v4.45/bin/bin/../../lib/gcc/pic32c/8.3.1/../../../../pic32c/lib/thumb/v7e-m+fp/hard\libc-size-musl.a(memmove.o)
 .debug_info    0x00000000000b45c1       0xbb c:/program files/microchip/xc32/v4.45/bin/bin/../../lib/gcc/pic32c/8.3.1/../../../../pic32c/lib/thumb/v7e-m+fp/hard\libc-size-musl.a(memset.o)
 .debug_info    0x00000000000b467c       0xde c:/program files/microchip/xc32/v4.45/bin/bin/../../lib/gcc/pic32c/8.3.1/../../../../pic32c/lib/thumb/v7e-m+fp/hard\libc-size-musl.a(strncpy.o)
 .debug_info    0x00000000000b475a       0xf2 c:/program files/microchip/xc32/v4.45/bin/bin/../../lib/gcc/pic32c/8.3.1/../../../../pic32c/lib/thumb/v7e-m+fp/hard\libc-size-musl.a(strtok.o)
 .debug_info    0x00000000000b484c       0xe1 c:/program files/microchip/xc32/v4.45/bin/bin/../../lib/gcc/pic32c/8.3.1/../../../../pic32c/lib/thumb/v7e-m+fp/hard\libc-size-musl.a(stpncpy.o)
 .debug_info    0x00000000000b492d      0x2fb c:/program files/microchip/xc32/v4.45/bin/bin/../../lib/gcc/pic32c/8.3.1/../../../../pic32c/lib/thumb/v7e-m+fp/hard\libg-musl.a(__libc_start_main.o)
 .debug_info    0x00000000000b4c28      0x179 c:/program files/microchip/xc32/v4.45/bin/bin/../../lib/gcc/pic32c/8.3.1/../../../../pic32c/lib/thumb/v7e-m+fp/hard\libg-musl.a(assert.o)
 .debug_info    0x00000000000b4da1       0x8e c:/program files/microchip/xc32/v4.45/bin/bin/../../lib/gcc/pic32c/8.3.1/../../../../pic32c/lib/thumb/v7e-m+fp/hard\libg-musl.a(abort.o)
 .debug_info    0x00000000000b4e2f      0x276 c:/program files/microchip/xc32/v4.45/bin/bin/../../lib/gcc/pic32c/8.3.1/../../../../pic32c/lib/thumb/v7e-m+fp/hard\libg-musl.a(libc.o)
 .debug_info    0x00000000000b50a5      0x129 c:/program files/microchip/xc32/v4.45/bin/bin/../../lib/gcc/pic32c/8.3.1/../../../../pic32c/lib/thumb/v7e-m+fp/hard\libg-musl.a(fprintf.o)
 .debug_info    0x00000000000b51ce      0x2de c:/program files/microchip/xc32/v4.45/bin/bin/../../lib/gcc/pic32c/8.3.1/../../../../pic32c/lib/thumb/v7e-m+fp/hard\libg-musl.a(fflush.o)
 .debug_info    0x00000000000b54ac      0x1e9 c:/program files/microchip/xc32/v4.45/bin/bin/../../lib/gcc/pic32c/8.3.1/../../../../pic32c/lib/thumb/v7e-m+fp/hard\libg-musl.a(stderr.o)
 .debug_info    0x00000000000b5695      0x406 c:/program files/microchip/xc32/v4.45/bin/bin/../../lib/gcc/pic32c/8.3.1/../../../../pic32c/lib/thumb/v7e-m+fp/hard\libg-musl.a(vfprintf.o)
 .debug_info    0x00000000000b5a9b      0x129 c:/program files/microchip/xc32/v4.45/bin/bin/../../lib/gcc/pic32c/8.3.1/../../../../pic32c/lib/thumb/v7e-m+fp/hard\libg-musl.a(printf.o)
 .debug_info    0x00000000000b5bc4      0x116 c:/program files/microchip/xc32/v4.45/bin/bin/../../lib/gcc/pic32c/8.3.1/../../../../pic32c/lib/thumb/v7e-m+fp/hard\libg-musl.a(sprintf.o)
 .debug_info    0x00000000000b5cda      0x10e c:/program files/microchip/xc32/v4.45/bin/bin/../../lib/gcc/pic32c/8.3.1/../../../../pic32c/lib/thumb/v7e-m+fp/hard\libg-musl.a(vsprintf.o)
 .debug_info    0x00000000000b5de8       0xe8 c:/program files/microchip/xc32/v4.45/bin/bin/../../lib/gcc/pic32c/8.3.1/../../../../pic32c/lib/thumb/v7e-m+fp/hard\libg-musl.a(gettimeofday.o)
 .debug_info    0x00000000000b5ed0       0x97 c:/program files/microchip/xc32/v4.45/bin/bin/../../lib/gcc/pic32c/8.3.1/../../../../pic32c/lib/thumb/v7e-m+fp/hard\libg-musl.a(__environ.o)
 .debug_info    0x00000000000b5f67       0xa4 c:/program files/microchip/xc32/v4.45/bin/bin/../../lib/gcc/pic32c/8.3.1/../../../../pic32c/lib/thumb/v7e-m+fp/hard\libg-musl.a(_Exit.o)
 .debug_info    0x00000000000b600b      0x162 c:/program files/microchip/xc32/v4.45/bin/bin/../../lib/gcc/pic32c/8.3.1/../../../../pic32c/lib/thumb/v7e-m+fp/hard\libg-musl.a(__pop_float.o)
 .debug_info    0x00000000000b616d      0x183 c:/program files/microchip/xc32/v4.45/bin/bin/../../lib/gcc/pic32c/8.3.1/../../../../pic32c/lib/thumb/v7e-m+fp/hard\libg-musl.a(__pop_int.o)
 .debug_info    0x00000000000b62f0      0x187 c:/program files/microchip/xc32/v4.45/bin/bin/../../lib/gcc/pic32c/8.3.1/../../../../pic32c/lib/thumb/v7e-m+fp/hard\libg-musl.a(__pop_ptr.o)
 .debug_info    0x00000000000b6477      0xa5d c:/program files/microchip/xc32/v4.45/bin/bin/../../lib/gcc/pic32c/8.3.1/../../../../pic32c/lib/thumb/v7e-m+fp/hard\libg-musl.a(__printf_core.o)
 .debug_info    0x00000000000b6ed4      0x1e9 c:/program files/microchip/xc32/v4.45/bin/bin/../../lib/gcc/pic32c/8.3.1/../../../../pic32c/lib/thumb/v7e-m+fp/hard\libg-musl.a(stdout.o)
 .debug_info    0x00000000000b70bd       0xf4 c:/program files/microchip/xc32/v4.45/bin/bin/../../lib/gcc/pic32c/8.3.1/../../../../pic32c/lib/thumb/v7e-m+fp/hard\libg-musl.a(atoi.o)
 .debug_info    0x00000000000b71b1      0x12b c:/program files/microchip/xc32/v4.45/bin/bin/../../lib/gcc/pic32c/8.3.1/../../../../pic32c/lib/thumb/v7e-m+fp/hard\libg-musl.a(tolower.o)
 .debug_info    0x00000000000b72dc       0x5b c:/program files/microchip/xc32/v4.45/bin/bin/../../lib/gcc/pic32c/8.3.1/../../../../pic32c/lib/thumb/v7e-m+fp/hard\libg-musl.a(__errno_location.o)
 .debug_info    0x00000000000b7337      0x646 c:/program files/microchip/xc32/v4.45/bin/bin/../../lib/gcc/pic32c/8.3.1/../../../../pic32c/lib/thumb/v7e-m+fp/hard\libg-musl.a(__fmt_a.o)
 .debug_info    0x00000000000b797d      0x330 c:/program files/microchip/xc32/v4.45/bin/bin/../../lib/gcc/pic32c/8.3.1/../../../../pic32c/lib/thumb/v7e-m+fp/hard\libg-musl.a(__fmt_d.o)
 .debug_info    0x00000000000b7cad      0x673 c:/program files/microchip/xc32/v4.45/bin/bin/../../lib/gcc/pic32c/8.3.1/../../../../pic32c/lib/thumb/v7e-m+fp/hard\libg-musl.a(__fmt_fp.o)
 .debug_info    0x00000000000b8320      0x301 c:/program files/microchip/xc32/v4.45/bin/bin/../../lib/gcc/pic32c/8.3.1/../../../../pic32c/lib/thumb/v7e-m+fp/hard\libg-musl.a(__fmt_o.o)
 .debug_info    0x00000000000b8621      0x2b2 c:/program files/microchip/xc32/v4.45/bin/bin/../../lib/gcc/pic32c/8.3.1/../../../../pic32c/lib/thumb/v7e-m+fp/hard\libg-musl.a(__fmt_s.o)
 .debug_info    0x00000000000b88d3      0x301 c:/program files/microchip/xc32/v4.45/bin/bin/../../lib/gcc/pic32c/8.3.1/../../../../pic32c/lib/thumb/v7e-m+fp/hard\libg-musl.a(__fmt_u.o)
 .debug_info    0x00000000000b8bd4      0x331 c:/program files/microchip/xc32/v4.45/bin/bin/../../lib/gcc/pic32c/8.3.1/../../../../pic32c/lib/thumb/v7e-m+fp/hard\libg-musl.a(__fmt_x.o)
 .debug_info    0x00000000000b8f05       0xc3 c:/program files/microchip/xc32/v4.45/bin/bin/../../lib/gcc/pic32c/8.3.1/../../../../pic32c/lib/thumb/v7e-m+fp/hard\libg-musl.a(__init_stdio.o)
 .debug_info    0x00000000000b8fc8      0x2b2 c:/program files/microchip/xc32/v4.45/bin/bin/../../lib/gcc/pic32c/8.3.1/../../../../pic32c/lib/thumb/v7e-m+fp/hard\libg-musl.a(__out.o)
 .debug_info    0x00000000000b927a      0x12b c:/program files/microchip/xc32/v4.45/bin/bin/../../lib/gcc/pic32c/8.3.1/../../../../pic32c/lib/thumb/v7e-m+fp/hard\libg-musl.a(toupper.o)
 .debug_info    0x00000000000b93a5      0x1d9 c:/program files/microchip/xc32/v4.45/bin/bin/../../lib/gcc/pic32c/8.3.1/../../../../pic32c/lib/thumb/v7e-m+fp/hard\libg-musl.a(__cvt_u.o)
 .debug_info    0x00000000000b957e       0x26 c:/program files/microchip/xc32/v4.45/bin/bin/../../lib/gcc/pic32c/8.3.1/thumb/v7e-m+fp/hard\libgcc.a(_aeabi_uldivmod.o)
 .debug_info    0x00000000000b95a4      0x52a c:/program files/microchip/xc32/v4.45/bin/bin/../../lib/gcc/pic32c/8.3.1/thumb/v7e-m+fp/hard\libgcc.a(_udivmoddi4.o)
 .debug_info    0x00000000000b9ace       0x26 c:/program files/microchip/xc32/v4.45/bin/bin/../../lib/gcc/pic32c/8.3.1/thumb/v7e-m+fp/hard\libgcc.a(_dvmd_tls.o)
 .debug_info    0x00000000000b9af4       0x3f c:/program files/microchip/xc32/v4.45/bin/bin/../../lib/gcc/pic32c/8.3.1/../../../../pic32c/lib/thumb/v7e-m+fp/hard\libpic32c.a(pic32_data_init_clear.o)